.next/types/validator.ts(189,31): error TS2344: Type 'typeof import("W:/BIT B RAG CAHTBOT/src/app/api/admin/audit/route", { with: { "resolution-mode": "import" } })' does not satisfy the constraint 'RouteHandlerConfig<"/api/admin/audit">'.
  Types of property 'GET' are incompatible.
    Type '(req: NextRequest) => Promise<Response>' is not assignable to type '(request: NextRequest, context: { params: Promise<{}>; }) => void | Response | Promise<void | Response>'.
      Types of parameters 'req' and 'request' are incompatible.
        Property 'geo' is missing in type 'import("W:/BIT B RAG CAHTBOT/node_modules/next/dist/server/web/spec-extension/request").NextRequest' but required in type 'import("next/server", { with: { "resolution-mode": "import" } }).NextRequest'.
.next/types/validator.ts(198,31): error TS2344: Type 'typeof import("W:/BIT B RAG CAHTBOT/src/app/api/admin/citation-metrics/route", { with: { "resolution-mode": "import" } })' does not satisfy the constraint 'RouteHandlerConfig<"/api/admin/citation-metrics">'.
  Types of property 'GET' are incompatible.
    Type '(req: NextRequest) => Promise<Response>' is not assignable to type '(request: NextRequest, context: { params: Promise<{}>; }) => void | Response | Promise<void | Response>'.
      Types of parameters 'req' and 'request' are incompatible.
        Property 'geo' is missing in type 'import("W:/BIT B RAG CAHTBOT/node_modules/next/dist/server/web/spec-extension/request").NextRequest' but required in type 'import("next/server", { with: { "resolution-mode": "import" } }).NextRequest'.
.next/types/validator.ts(207,31): error TS2344: Type 'typeof import("W:/BIT B RAG CAHTBOT/src/app/api/admin/error-metrics/route", { with: { "resolution-mode": "import" } })' does not satisfy the constraint 'RouteHandlerConfig<"/api/admin/error-metrics">'.
  Types of property 'GET' are incompatible.
    Type '(req: NextRequest) => Promise<Response>' is not assignable to type '(request: NextRequest, context: { params: Promise<{}>; }) => void | Response | Promise<void | Response>'.
      Types of parameters 'req' and 'request' are incompatible.
        Property 'geo' is missing in type 'import("W:/BIT B RAG CAHTBOT/node_modules/next/dist/server/web/spec-extension/request").NextRequest' but required in type 'import("next/server", { with: { "resolution-mode": "import" } }).NextRequest'.
.next/types/validator.ts(216,31): error TS2344: Type 'typeof import("W:/BIT B RAG CAHTBOT/src/app/api/admin/metrics/aggregate/route", { with: { "resolution-mode": "import" } })' does not satisfy the constraint 'RouteHandlerConfig<"/api/admin/metrics/aggregate">'.
  Types of property 'GET' are incompatible.
    Type '(req: NextRequest) => Promise<Response>' is not assignable to type '(request: NextRequest, context: { params: Promise<{}>; }) => void | Response | Promise<void | Response>'.
      Types of parameters 'req' and 'request' are incompatible.
        Property 'geo' is missing in type 'import("W:/BIT B RAG CAHTBOT/node_modules/next/dist/server/web/spec-extension/request").NextRequest' but required in type 'import("next/server", { with: { "resolution-mode": "import" } }).NextRequest'.
.next/types/validator.ts(225,31): error TS2344: Type 'typeof import("W:/BIT B RAG CAHTBOT/src/app/api/admin/purge-expired/route", { with: { "resolution-mode": "import" } })' does not satisfy the constraint 'RouteHandlerConfig<"/api/admin/purge-expired">'.
  Types of property 'GET' are incompatible.
    Type '(req: NextRequest) => Promise<Response>' is not assignable to type '(request: NextRequest, context: { params: Promise<{}>; }) => void | Response | Promise<void | Response>'.
      Types of parameters 'req' and 'request' are incompatible.
        Property 'geo' is missing in type 'import("W:/BIT B RAG CAHTBOT/node_modules/next/dist/server/web/spec-extension/request").NextRequest' but required in type 'import("next/server", { with: { "resolution-mode": "import" } }).NextRequest'.
.next/types/validator.ts(234,31): error TS2344: Type 'typeof import("W:/BIT B RAG CAHTBOT/src/app/api/admin/quota-usage/route", { with: { "resolution-mode": "import" } })' does not satisfy the constraint 'RouteHandlerConfig<"/api/admin/quota-usage">'.
  Types of property 'GET' are incompatible.
    Type '(req: NextRequest) => Promise<Response>' is not assignable to type '(request: NextRequest, context: { params: Promise<{}>; }) => void | Response | Promise<void | Response>'.
      Types of parameters 'req' and 'request' are incompatible.
        Property 'geo' is missing in type 'import("W:/BIT B RAG CAHTBOT/node_modules/next/dist/server/web/spec-extension/request").NextRequest' but required in type 'import("next/server", { with: { "resolution-mode": "import" } }).NextRequest'.
.next/types/validator.ts(243,31): error TS2344: Type 'typeof import("W:/BIT B RAG CAHTBOT/src/app/api/admin/quota/route", { with: { "resolution-mode": "import" } })' does not satisfy the constraint 'RouteHandlerConfig<"/api/admin/quota">'.
  Types of property 'GET' are incompatible.
    Type '(req: NextRequest) => Promise<Response>' is not assignable to type '(request: NextRequest, context: { params: Promise<{}>; }) => void | Response | Promise<void | Response>'.
      Types of parameters 'req' and 'request' are incompatible.
        Property 'geo' is missing in type 'import("W:/BIT B RAG CAHTBOT/node_modules/next/dist/server/web/spec-extension/request").NextRequest' but required in type 'import("next/server", { with: { "resolution-mode": "import" } }).NextRequest'.
.next/types/validator.ts(252,31): error TS2344: Type 'typeof import("W:/BIT B RAG CAHTBOT/src/app/api/admin/sessions/route", { with: { "resolution-mode": "import" } })' does not satisfy the constraint 'RouteHandlerConfig<"/api/admin/sessions">'.
  Types of property 'GET' are incompatible.
    Type '(req: NextRequest) => Promise<Response>' is not assignable to type '(request: NextRequest, context: { params: Promise<{}>; }) => void | Response | Promise<void | Response>'.
      Types of parameters 'req' and 'request' are incompatible.
        Property 'geo' is missing in type 'import("W:/BIT B RAG CAHTBOT/node_modules/next/dist/server/web/spec-extension/request").NextRequest' but required in type 'import("next/server", { with: { "resolution-mode": "import" } }).NextRequest'.
.next/types/validator.ts(261,31): error TS2344: Type 'typeof import("W:/BIT B RAG CAHTBOT/src/app/api/admin/tenant-config/route", { with: { "resolution-mode": "import" } })' does not satisfy the constraint 'RouteHandlerConfig<"/api/admin/tenant-config">'.
  Types of property 'GET' are incompatible.
    Type '(req: NextRequest) => Promise<Response>' is not assignable to type '(request: NextRequest, context: { params: Promise<{}>; }) => void | Response | Promise<void | Response>'.
      Types of parameters 'req' and 'request' are incompatible.
        Property 'geo' is missing in type 'import("W:/BIT B RAG CAHTBOT/node_modules/next/dist/server/web/spec-extension/request").NextRequest' but required in type 'import("next/server", { with: { "resolution-mode": "import" } }).NextRequest'.
.next/types/validator.ts(270,31): error TS2344: Type 'typeof import("W:/BIT B RAG CAHTBOT/src/app/api/admin/trials/[id]/extend/route", { with: { "resolution-mode": "import" } })' does not satisfy the constraint 'RouteHandlerConfig<"/api/admin/trials/[id]/extend">'.
  Types of property 'POST' are incompatible.
    Type '(req: NextRequest, context: { params: Promise<{ id: string; }>; }) => Promise<Response>' is not assignable to type '(request: NextRequest, context: { params: Promise<{ id: string; }>; }) => void | Response | Promise<void | Response>'.
      Types of parameters 'req' and 'request' are incompatible.
        Property 'geo' is missing in type 'import("W:/BIT B RAG CAHTBOT/node_modules/next/dist/server/web/spec-extension/request").NextRequest' but required in type 'import("next/server", { with: { "resolution-mode": "import" } }).NextRequest'.
.next/types/validator.ts(279,31): error TS2344: Type 'typeof import("W:/BIT B RAG CAHTBOT/src/app/api/admin/trials/[id]/upgrade/route", { with: { "resolution-mode": "import" } })' does not satisfy the constraint 'RouteHandlerConfig<"/api/admin/trials/[id]/upgrade">'.
  Types of property 'POST' are incompatible.
    Type '(req: NextRequest, context: { params: Promise<{ id: string; }>; }) => Promise<any>' is not assignable to type '(request: NextRequest, context: { params: Promise<{ id: string; }>; }) => void | Response | Promise<void | Response>'.
      Types of parameters 'req' and 'request' are incompatible.
        Property 'geo' is missing in type 'import("W:/BIT B RAG CAHTBOT/node_modules/next/dist/server/web/spec-extension/request").NextRequest' but required in type 'import("next/server", { with: { "resolution-mode": "import" } }).NextRequest'.
.next/types/validator.ts(288,31): error TS2344: Type 'typeof import("W:/BIT B RAG CAHTBOT/src/app/api/admin/usage/route", { with: { "resolution-mode": "import" } })' does not satisfy the constraint 'RouteHandlerConfig<"/api/admin/usage">'.
  Types of property 'GET' are incompatible.
    Type '(req: NextRequest) => Promise<any>' is not assignable to type '(request: NextRequest, context: { params: Promise<{}>; }) => void | Response | Promise<void | Response>'.
      Types of parameters 'req' and 'request' are incompatible.
        Property 'geo' is missing in type 'import("W:/BIT B RAG CAHTBOT/node_modules/next/dist/server/web/spec-extension/request").NextRequest' but required in type 'import("next/server", { with: { "resolution-mode": "import" } }).NextRequest'.
.next/types/validator.ts(297,31): error TS2344: Type 'typeof import("W:/BIT B RAG CAHTBOT/src/app/api/admin/workflows/route", { with: { "resolution-mode": "import" } })' does not satisfy the constraint 'RouteHandlerConfig<"/api/admin/workflows">'.
  Types of property 'GET' are incompatible.
    Type '(req: NextRequest, { params }: { params: Promise<{ slug?: string[] | undefined; }>; }) => Promise<any>' is not assignable to type '(request: NextRequest, context: { params: Promise<{}>; }) => void | Response | Promise<void | Response>'.
      Types of parameters 'req' and 'request' are incompatible.
        Property 'geo' is missing in type 'import("W:/BIT B RAG CAHTBOT/node_modules/next/dist/server/web/spec-extension/request").NextRequest' but required in type 'import("next/server", { with: { "resolution-mode": "import" } }).NextRequest'.
.next/types/validator.ts(324,31): error TS2344: Type 'typeof import("W:/BIT B RAG CAHTBOT/src/app/api/ask/route", { with: { "resolution-mode": "import" } })' does not satisfy the constraint 'RouteHandlerConfig<"/api/ask">'.
  Types of property 'POST' are incompatible.
    Type '(request: NextRequest) => Promise<any>' is not assignable to type '(request: NextRequest, context: { params: Promise<{}>; }) => void | Response | Promise<void | Response>'.
      Types of parameters 'request' and 'request' are incompatible.
        Property 'geo' is missing in type 'import("W:/BIT B RAG CAHTBOT/node_modules/next/dist/server/web/spec-extension/request").NextRequest' but required in type 'import("next/server", { with: { "resolution-mode": "import" } }).NextRequest'.
.next/types/validator.ts(333,31): error TS2344: Type 'typeof import("W:/BIT B RAG CAHTBOT/src/app/api/badge-audit-trail/route", { with: { "resolution-mode": "import" } })' does not satisfy the constraint 'RouteHandlerConfig<"/api/badge-audit-trail">'.
  Types of property 'GET' are incompatible.
    Type '(request: NextRequest) => Promise<Response>' is not assignable to type '(request: NextRequest, context: { params: Promise<{}>; }) => void | Response | Promise<void | Response>'.
      Types of parameters 'request' and 'request' are incompatible.
        Property 'geo' is missing in type 'import("W:/BIT B RAG CAHTBOT/node_modules/next/dist/server/web/spec-extension/request").NextRequest' but required in type 'import("next/server", { with: { "resolution-mode": "import" } }).NextRequest'.
.next/types/validator.ts(351,31): error TS2344: Type 'typeof import("W:/BIT B RAG CAHTBOT/src/app/api/check-trial/route", { with: { "resolution-mode": "import" } })' does not satisfy the constraint 'RouteHandlerConfig<"/api/check-trial">'.
  Types of property 'GET' are incompatible.
    Type '(request: NextRequest) => Promise<Response>' is not assignable to type '(request: NextRequest, context: { params: Promise<{}>; }) => void | Response | Promise<void | Response>'.
      Types of parameters 'request' and 'request' are incompatible.
        Property 'geo' is missing in type 'import("W:/BIT B RAG CAHTBOT/node_modules/next/dist/server/web/spec-extension/request").NextRequest' but required in type 'import("next/server", { with: { "resolution-mode": "import" } }).NextRequest'.
.next/types/validator.ts(360,31): error TS2344: Type 'typeof import("W:/BIT B RAG CAHTBOT/src/app/api/compliance-reports/route", { with: { "resolution-mode": "import" } })' does not satisfy the constraint 'RouteHandlerConfig<"/api/compliance-reports">'.
  Types of property 'GET' are incompatible.
    Type '(request: NextRequest) => Promise<Response>' is not assignable to type '(request: NextRequest, context: { params: Promise<{}>; }) => void | Response | Promise<void | Response>'.
      Types of parameters 'request' and 'request' are incompatible.
        Property 'geo' is missing in type 'import("W:/BIT B RAG CAHTBOT/node_modules/next/dist/server/web/spec-extension/request").NextRequest' but required in type 'import("next/server", { with: { "resolution-mode": "import" } }).NextRequest'.
.next/types/validator.ts(396,31): error TS2344: Type 'typeof import("W:/BIT B RAG CAHTBOT/src/app/api/health/queue/route", { with: { "resolution-mode": "import" } })' does not satisfy the constraint 'RouteHandlerConfig<"/api/health/queue">'.
  Types of property 'GET' are incompatible.
    Type '(request: NextRequest) => Promise<Response>' is not assignable to type '(request: NextRequest, context: { params: Promise<{}>; }) => void | Response | Promise<void | Response>'.
      Types of parameters 'request' and 'request' are incompatible.
        Property 'geo' is missing in type 'import("W:/BIT B RAG CAHTBOT/node_modules/next/dist/server/web/spec-extension/request").NextRequest' but required in type 'import("next/server", { with: { "resolution-mode": "import" } }).NextRequest'.
.next/types/validator.ts(405,31): error TS2344: Type 'typeof import("W:/BIT B RAG CAHTBOT/src/app/api/health/rag-pipeline/route", { with: { "resolution-mode": "import" } })' does not satisfy the constraint 'RouteHandlerConfig<"/api/health/rag-pipeline">'.
  Types of property 'GET' are incompatible.
    Type '(req: NextRequest) => Promise<Response>' is not assignable to type '(request: NextRequest, context: { params: Promise<{}>; }) => void | Response | Promise<void | Response>'.
      Types of parameters 'req' and 'request' are incompatible.
        Property 'geo' is missing in type 'import("W:/BIT B RAG CAHTBOT/node_modules/next/dist/server/web/spec-extension/request").NextRequest' but required in type 'import("next/server", { with: { "resolution-mode": "import" } }).NextRequest'.
.next/types/validator.ts(423,31): error TS2344: Type 'typeof import("W:/BIT B RAG CAHTBOT/src/app/api/ingest/route", { with: { "resolution-mode": "import" } })' does not satisfy the constraint 'RouteHandlerConfig<"/api/ingest">'.
  Types of property 'POST' are incompatible.
    Type '(request: NextRequest) => Promise<Response>' is not assignable to type '(request: NextRequest, context: { params: Promise<{}>; }) => void | Response | Promise<void | Response>'.
      Types of parameters 'request' and 'request' are incompatible.
        Property 'geo' is missing in type 'import("W:/BIT B RAG CAHTBOT/node_modules/next/dist/server/web/spec-extension/request").NextRequest' but required in type 'import("next/server", { with: { "resolution-mode": "import" } }).NextRequest'.
.next/types/validator.ts(432,31): error TS2344: Type 'typeof import("W:/BIT B RAG CAHTBOT/src/app/api/ingest/status/[id]/route", { with: { "resolution-mode": "import" } })' does not satisfy the constraint 'RouteHandlerConfig<"/api/ingest/status/[id]">'.
  Types of property 'GET' are incompatible.
    Type '(request: NextRequest, { params }: { params: Promise<{ id: string; }>; }) => Promise<Response>' is not assignable to type '(request: NextRequest, context: { params: Promise<{ id: string; }>; }) => void | Response | Promise<void | Response>'.
      Types of parameters 'request' and 'request' are incompatible.
        Property 'geo' is missing in type 'import("W:/BIT B RAG CAHTBOT/node_modules/next/dist/server/web/spec-extension/request").NextRequest' but required in type 'import("next/server", { with: { "resolution-mode": "import" } }).NextRequest'.
.next/types/validator.ts(450,31): error TS2344: Type 'typeof import("W:/BIT B RAG CAHTBOT/src/app/api/mcp/route", { with: { "resolution-mode": "import" } })' does not satisfy the constraint 'RouteHandlerConfig<"/api/mcp">'.
  Types of property 'POST' are incompatible.
    Type '(request: NextRequest) => Promise<any>' is not assignable to type '(request: NextRequest, context: { params: Promise<{}>; }) => void | Response | Promise<void | Response>'.
      Types of parameters 'request' and 'request' are incompatible.
        Property 'geo' is missing in type 'import("W:/BIT B RAG CAHTBOT/node_modules/next/dist/server/web/spec-extension/request").NextRequest' but required in type 'import("next/server", { with: { "resolution-mode": "import" } }).NextRequest'.
.next/types/validator.ts(459,31): error TS2344: Type 'typeof import("W:/BIT B RAG CAHTBOT/src/app/api/metrics/route", { with: { "resolution-mode": "import" } })' does not satisfy the constraint 'RouteHandlerConfig<"/api/metrics">'.
  Types of property 'GET' are incompatible.
    Type '(req: NextRequest) => Promise<NextResponse>' is not assignable to type '(request: NextRequest, context: { params: Promise<{}>; }) => void | Response | Promise<void | Response>'.
      Types of parameters 'req' and 'request' are incompatible.
        Property 'geo' is missing in type 'import("W:/BIT B RAG CAHTBOT/node_modules/next/dist/server/web/spec-extension/request").NextRequest' but required in type 'import("next/server", { with: { "resolution-mode": "import" } }).NextRequest'.
.next/types/validator.ts(513,31): error TS2344: Type 'typeof import("W:/BIT B RAG CAHTBOT/src/app/api/start-trial/route", { with: { "resolution-mode": "import" } })' does not satisfy the constraint 'RouteHandlerConfig<"/api/start-trial">'.
  Types of property 'POST' are incompatible.
    Type '(request: NextRequest) => Promise<Response>' is not assignable to type '(request: NextRequest, context: { params: Promise<{}>; }) => void | Response | Promise<void | Response>'.
      Types of parameters 'request' and 'request' are incompatible.
        Property 'geo' is missing in type 'import("W:/BIT B RAG CAHTBOT/node_modules/next/dist/server/web/spec-extension/request").NextRequest' but required in type 'import("next/server", { with: { "resolution-mode": "import" } }).NextRequest'.
.next/types/validator.ts(522,31): error TS2344: Type 'typeof import("W:/BIT B RAG CAHTBOT/src/app/api/telemetry/citation-click/route", { with: { "resolution-mode": "import" } })' does not satisfy the constraint 'RouteHandlerConfig<"/api/telemetry/citation-click">'.
  Types of property 'POST' are incompatible.
    Type '(req: NextRequest) => Promise<Response>' is not assignable to type '(request: NextRequest, context: { params: Promise<{}>; }) => void | Response | Promise<void | Response>'.
      Types of parameters 'req' and 'request' are incompatible.
        Property 'geo' is missing in type 'import("W:/BIT B RAG CAHTBOT/node_modules/next/dist/server/web/spec-extension/request").NextRequest' but required in type 'import("next/server", { with: { "resolution-mode": "import" } }).NextRequest'.
.next/types/validator.ts(531,31): error TS2344: Type 'typeof import("W:/BIT B RAG CAHTBOT/src/app/api/tenant/features/route", { with: { "resolution-mode": "import" } })' does not satisfy the constraint 'RouteHandlerConfig<"/api/tenant/features">'.
  Types of property 'GET' are incompatible.
    Type '(request: NextRequest) => Promise<Response>' is not assignable to type '(request: NextRequest, context: { params: Promise<{}>; }) => void | Response | Promise<void | Response>'.
      Types of parameters 'request' and 'request' are incompatible.
        Property 'geo' is missing in type 'import("W:/BIT B RAG CAHTBOT/node_modules/next/dist/server/web/spec-extension/request").NextRequest' but required in type 'import("next/server", { with: { "resolution-mode": "import" } }).NextRequest'.
.next/types/validator.ts(540,31): error TS2344: Type 'typeof import("W:/BIT B RAG CAHTBOT/src/app/api/tenant/plan/route", { with: { "resolution-mode": "import" } })' does not satisfy the constraint 'RouteHandlerConfig<"/api/tenant/plan">'.
  Types of property 'GET' are incompatible.
    Type '(request: NextRequest) => Promise<Response>' is not assignable to type '(request: NextRequest, context: { params: Promise<{}>; }) => void | Response | Promise<void | Response>'.
      Types of parameters 'request' and 'request' are incompatible.
        Property 'geo' is missing in type 'import("W:/BIT B RAG CAHTBOT/node_modules/next/dist/server/web/spec-extension/request").NextRequest' but required in type 'import("next/server", { with: { "resolution-mode": "import" } }).NextRequest'.
.next/types/validator.ts(549,31): error TS2344: Type 'typeof import("W:/BIT B RAG CAHTBOT/src/app/api/trial/branding/route", { with: { "resolution-mode": "import" } })' does not satisfy the constraint 'RouteHandlerConfig<"/api/trial/branding">'.
  Types of property 'POST' are incompatible.
    Type '(req: NextRequest) => Promise<Response>' is not assignable to type '(request: NextRequest, context: { params: Promise<{}>; }) => void | Response | Promise<void | Response>'.
      Types of parameters 'req' and 'request' are incompatible.
        Property 'geo' is missing in type 'import("W:/BIT B RAG CAHTBOT/node_modules/next/dist/server/web/spec-extension/request").NextRequest' but required in type 'import("next/server", { with: { "resolution-mode": "import" } }).NextRequest'.
.next/types/validator.ts(558,31): error TS2344: Type 'typeof import("W:/BIT B RAG CAHTBOT/src/app/api/trial/generate-widget/route", { with: { "resolution-mode": "import" } })' does not satisfy the constraint 'RouteHandlerConfig<"/api/trial/generate-widget">'.
  Types of property 'POST' are incompatible.
    Type '(req: NextRequest) => Promise<Response>' is not assignable to type '(request: NextRequest, context: { params: Promise<{}>; }) => void | Response | Promise<void | Response>'.
      Types of parameters 'req' and 'request' are incompatible.
        Property 'geo' is missing in type 'import("W:/BIT B RAG CAHTBOT/node_modules/next/dist/server/web/spec-extension/request").NextRequest' but required in type 'import("next/server", { with: { "resolution-mode": "import" } }).NextRequest'.
.next/types/validator.ts(567,31): error TS2344: Type 'typeof import("W:/BIT B RAG CAHTBOT/src/app/api/trial/kb/manual/route", { with: { "resolution-mode": "import" } })' does not satisfy the constraint 'RouteHandlerConfig<"/api/trial/kb/manual">'.
  Types of property 'POST' are incompatible.
    Type '(req: NextRequest) => Promise<Response>' is not assignable to type '(request: NextRequest, context: { params: Promise<{}>; }) => void | Response | Promise<void | Response>'.
      Types of parameters 'req' and 'request' are incompatible.
        Property 'geo' is missing in type 'import("W:/BIT B RAG CAHTBOT/node_modules/next/dist/server/web/spec-extension/request").NextRequest' but required in type 'import("next/server", { with: { "resolution-mode": "import" } }).NextRequest'.
.next/types/validator.ts(576,31): error TS2344: Type 'typeof import("W:/BIT B RAG CAHTBOT/src/app/api/trial/kb/upload/route", { with: { "resolution-mode": "import" } })' does not satisfy the constraint 'RouteHandlerConfig<"/api/trial/kb/upload">'.
  Types of property 'POST' are incompatible.
    Type '(req: NextRequest) => Promise<Response>' is not assignable to type '(request: NextRequest, context: { params: Promise<{}>; }) => void | Response | Promise<void | Response>'.
      Types of parameters 'req' and 'request' are incompatible.
        Property 'geo' is missing in type 'import("W:/BIT B RAG CAHTBOT/node_modules/next/dist/server/web/spec-extension/request").NextRequest' but required in type 'import("next/server", { with: { "resolution-mode": "import" } }).NextRequest'.
.next/types/validator.ts(585,31): error TS2344: Type 'typeof import("W:/BIT B RAG CAHTBOT/src/app/api/trial/start/route", { with: { "resolution-mode": "import" } })' does not satisfy the constraint 'RouteHandlerConfig<"/api/trial/start">'.
  Types of property 'POST' are incompatible.
    Type '(req: NextRequest) => Promise<Response>' is not assignable to type '(request: NextRequest, context: { params: Promise<{}>; }) => void | Response | Promise<void | Response>'.
      Types of parameters 'req' and 'request' are incompatible.
        Property 'geo' is missing in type 'import("W:/BIT B RAG CAHTBOT/node_modules/next/dist/server/web/spec-extension/request").NextRequest' but required in type 'import("next/server", { with: { "resolution-mode": "import" } }).NextRequest'.
.next/types/validator.ts(594,31): error TS2344: Type 'typeof import("W:/BIT B RAG CAHTBOT/src/app/api/tts/route", { with: { "resolution-mode": "import" } })' does not satisfy the constraint 'RouteHandlerConfig<"/api/tts">'.
  Types of property 'POST' are incompatible.
    Type '(request: NextRequest) => Promise<Response>' is not assignable to type '(request: NextRequest, context: { params: Promise<{}>; }) => void | Response | Promise<void | Response>'.
      Types of parameters 'request' and 'request' are incompatible.
        Property 'geo' is missing in type 'import("W:/BIT B RAG CAHTBOT/node_modules/next/dist/server/web/spec-extension/request").NextRequest' but required in type 'import("next/server", { with: { "resolution-mode": "import" } }).NextRequest'.
.next/types/validator.ts(621,31): error TS2344: Type 'typeof import("W:/BIT B RAG CAHTBOT/src/app/api/widget/chat/route", { with: { "resolution-mode": "import" } })' does not satisfy the constraint 'RouteHandlerConfig<"/api/widget/chat">'.
  Types of property 'POST' are incompatible.
    Type '(req: NextRequest) => Promise<Response>' is not assignable to type '(request: NextRequest, context: { params: Promise<{}>; }) => void | Response | Promise<void | Response>'.
      Types of parameters 'req' and 'request' are incompatible.
        Property 'geo' is missing in type 'import("W:/BIT B RAG CAHTBOT/node_modules/next/dist/server/web/spec-extension/request").NextRequest' but required in type 'import("next/server", { with: { "resolution-mode": "import" } }).NextRequest'.
.next/types/validator.ts(630,31): error TS2344: Type 'typeof import("W:/BIT B RAG CAHTBOT/src/app/api/widget/session/route", { with: { "resolution-mode": "import" } })' does not satisfy the constraint 'RouteHandlerConfig<"/api/widget/session">'.
  Types of property 'POST' are incompatible.
    Type '(req: NextRequest) => Promise<Response>' is not assignable to type '(request: NextRequest, context: { params: Promise<{}>; }) => void | Response | Promise<void | Response>'.
      Types of parameters 'req' and 'request' are incompatible.
        Property 'geo' is missing in type 'import("W:/BIT B RAG CAHTBOT/node_modules/next/dist/server/web/spec-extension/request").NextRequest' but required in type 'import("next/server", { with: { "resolution-mode": "import" } }).NextRequest'.
.next/types/validator.ts(639,31): error TS2344: Type 'typeof import("W:/BIT B RAG CAHTBOT/src/app/api/ws/route", { with: { "resolution-mode": "import" } })' does not satisfy the constraint 'RouteHandlerConfig<"/api/ws">'.
  Types of property 'GET' are incompatible.
    Type '(req: NextRequest) => Promise<Response>' is not assignable to type '(request: NextRequest, context: { params: Promise<{}>; }) => void | Response | Promise<void | Response>'.
      Types of parameters 'req' and 'request' are incompatible.
        Property 'geo' is missing in type 'import("W:/BIT B RAG CAHTBOT/node_modules/next/dist/server/web/spec-extension/request").NextRequest' but required in type 'import("next/server", { with: { "resolution-mode": "import" } }).NextRequest'.
examples/tenant-server/tests/widget.spec.ts(1,30): error TS2307: Cannot find module '@playwright/test' or its corresponding type declarations.
examples/tenant-server/tests/widget.spec.ts(6,70): error TS7031: Binding element 'page' implicitly has an 'any' type.
instrumentation.ts(10,44): error TS2835: Relative import paths need explicit file extensions in ECMAScript imports when '--moduleResolution' is 'node16' or 'nodenext'. Did you mean './src/lib/security/redis-rate-limiter.js'?
scripts/test-supabase-ingest-retrieve.ts(3,37): error TS2835: Relative import paths need explicit file extensions in ECMAScript imports when '--moduleResolution' is 'node16' or 'nodenext'. Did you mean '../src/lib/rag/supabase-vector-store.js'?
scripts/test-supabase-ingest-retrieve.ts(4,38): error TS2835: Relative import paths need explicit file extensions in ECMAScript imports when '--moduleResolution' is 'node16' or 'nodenext'. Did you mean '../src/lib/rag/supabase-keyword-index.js'?
scripts/test-supabase-ingest-retrieve.ts(5,35): error TS2835: Relative import paths need explicit file extensions in ECMAScript imports when '--moduleResolution' is 'node16' or 'nodenext'. Did you mean '../src/lib/rag/retrieval-pipeline.js'?
scripts/test-supabase-ingest-retrieve.ts(6,34): error TS2835: Relative import paths need explicit file extensions in ECMAScript imports when '--moduleResolution' is 'node16' or 'nodenext'. Did you mean '../src/lib/rag/llamaindex-chunking.js'?
scripts/test-supabase-ingest-retrieve.ts(7,35): error TS2835: Relative import paths need explicit file extensions in ECMAScript imports when '--moduleResolution' is 'node16' or 'nodenext'. Did you mean '../src/lib/rag/embedding-generator.js'?
src/app/(marketing)/layout.tsx(2,18): error TS2307: Cannot find module 'next/link' or its corresponding type declarations.
src/app/(marketing)/layout.tsx(3,57): error TS2307: Cannot find module '@/components/marketing/MarketingNav' or its corresponding type declarations.
src/app/(marketing)/layout.tsx(4,58): error TS2307: Cannot find module '@/components/marketing/marketing-nav-data' or its corresponding type declarations.
src/app/(marketing)/page.tsx(4,18): error TS2307: Cannot find module 'next/link' or its corresponding type declarations.
src/app/(marketing)/page.tsx(7,21): error TS2307: Cannot find module 'next/dynamic' or its corresponding type declarations.
src/app/(marketing)/page.tsx(9,56): error TS2307: Cannot find module '@/components/trial/TrialOnboardingWizardGSAP' or its corresponding type declarations.
src/app/(marketing)/TenantTrialSection.tsx(2,18): error TS2307: Cannot find module 'next/link' or its corresponding type declarations.
src/app/api/admin/analytics/route.ts(3,35): error TS2307: Cannot find module '@/lib/admin/analytics' or its corresponding type declarations.
src/app/api/admin/audit/route.ts(2,41): error TS2307: Cannot find module '@/lib/supabase-client' or its corresponding type declarations.
src/app/api/admin/citation-metrics/route.ts(2,41): error TS2307: Cannot find module '@/lib/supabase-client' or its corresponding type declarations.
src/app/api/admin/metrics/aggregate/route.ts(2,25): error TS2307: Cannot find module '@/lib/trial/logger' or its corresponding type declarations.
src/app/api/admin/metrics/aggregate/route.ts(3,41): error TS2307: Cannot find module '@/lib/supabase-client' or its corresponding type declarations.
src/app/api/admin/purge-expired/route.ts(16,30): error TS2307: Cannot find module '@/lib/auth/admin-middleware' or its corresponding type declarations.
src/app/api/admin/quota-usage/route.ts(2,41): error TS2307: Cannot find module '@/lib/supabase-client' or its corresponding type declarations.
src/app/api/admin/quota-usage/route.ts(28,37): error TS7006: Parameter 'tenant' implicitly has an 'any' type.
src/app/api/admin/quota-usage/route.ts(40,21): error TS7006: Parameter 'a' implicitly has an 'any' type.
src/app/api/admin/quota-usage/route.ts(40,24): error TS7006: Parameter 'b' implicitly has an 'any' type.
src/app/api/admin/quota/route.ts(2,41): error TS2307: Cannot find module '@/lib/supabase-client' or its corresponding type declarations.
src/app/api/admin/sessions/route.ts(2,41): error TS2307: Cannot find module '@/lib/supabase-client' or its corresponding type declarations.
src/app/api/admin/tenant-config/route.ts(2,41): error TS2307: Cannot find module '@/lib/supabase-client' or its corresponding type declarations.
src/app/api/admin/trials/[id]/extend/route.ts(2,83): error TS2307: Cannot find module '@/lib/trial/errors' or its corresponding type declarations.
src/app/api/admin/trials/[id]/extend/route.ts(3,25): error TS2307: Cannot find module '@/lib/trial/logger' or its corresponding type declarations.
src/app/api/admin/trials/[id]/extend/route.ts(4,41): error TS2307: Cannot find module '@/lib/supabase-client' or its corresponding type declarations.
src/app/api/admin/trials/[id]/extend/route.ts(94,41): error TS18046: 'error' is of type 'unknown'.
src/app/api/admin/trials/[id]/extend/route.ts(99,41): error TS18046: 'error' is of type 'unknown'.
src/app/api/admin/trials/[id]/extend/route.ts(103,25): error TS18046: 'error' is of type 'unknown'.
src/app/api/admin/trials/[id]/upgrade/route.ts(2,83): error TS2307: Cannot find module '@/lib/trial/errors' or its corresponding type declarations.
src/app/api/admin/trials/[id]/upgrade/route.ts(3,25): error TS2307: Cannot find module '@/lib/trial/logger' or its corresponding type declarations.
src/app/api/admin/trials/[id]/upgrade/route.ts(4,41): error TS2307: Cannot find module '@/lib/supabase-client' or its corresponding type declarations.
src/app/api/admin/trials/[id]/upgrade/route.ts(5,30): error TS2307: Cannot find module '@/lib/auth/admin-middleware' or its corresponding type declarations.
src/app/api/admin/trials/[id]/upgrade/route.ts(91,41): error TS18046: 'error' is of type 'unknown'.
src/app/api/admin/trials/[id]/upgrade/route.ts(96,41): error TS18046: 'error' is of type 'unknown'.
src/app/api/admin/trials/[id]/upgrade/route.ts(100,25): error TS18046: 'error' is of type 'unknown'.
src/app/api/admin/trials/trialroute.ts(2,51): error TS2307: Cannot find module '@/lib/trial/errors' or its corresponding type declarations.
src/app/api/admin/trials/trialroute.ts(3,25): error TS2307: Cannot find module '@/lib/trial/logger' or its corresponding type declarations.
src/app/api/admin/trials/trialroute.ts(4,41): error TS2307: Cannot find module '@/lib/supabase-client' or its corresponding type declarations.
src/app/api/admin/trials/trialroute.ts(5,30): error TS2307: Cannot find module '@/lib/auth/admin-middleware' or its corresponding type declarations.
src/app/api/admin/trials/trialroute.ts(102,41): error TS18046: 'error' is of type 'unknown'.
src/app/api/admin/trials/trialroute.ts(106,25): error TS18046: 'error' is of type 'unknown'.
src/app/api/admin/usage/route.ts(2,36): error TS2307: Cannot find module '@/lib/trial/errors' or its corresponding type declarations.
src/app/api/admin/usage/route.ts(3,25): error TS2307: Cannot find module '@/lib/trial/logger' or its corresponding type declarations.
src/app/api/admin/usage/route.ts(11,8): error TS2307: Cannot find module '@/lib/trial/usage-tracker' or its corresponding type declarations.
src/app/api/admin/usage/route.ts(12,32): error TS2307: Cannot find module '@/lib/trial/quota-enforcer' or its corresponding type declarations.
src/app/api/admin/usage/route.ts(13,41): error TS2307: Cannot find module '@/lib/supabase-client' or its corresponding type declarations.
src/app/api/admin/usage/route.ts(14,30): error TS2307: Cannot find module '@/lib/auth/admin-middleware' or its corresponding type declarations.
src/app/api/admin/usage/route.ts(33,75): error TS2307: Cannot find module '@/lib/monitoring' or its corresponding type declarations.
src/app/api/admin/usage/route.ts(141,41): error TS18046: 'error' is of type 'unknown'.
src/app/api/admin/workflows/handlers.ts(16,34): error TS2307: Cannot find module '@/lib/supabase-client' or its corresponding type declarations.
src/app/api/admin/workflows/handlers.ts(17,25): error TS2307: Cannot find module '@/lib/trial/logger' or its corresponding type declarations.
src/app/api/admin/workflows/handlers.ts(18,37): error TS2307: Cannot find module '@/lib/trial/workflow-engine' or its corresponding type declarations.
src/app/api/admin/workflows/handlers.ts(19,42): error TS2307: Cannot find module '@/lib/trial/workflow-interrupts' or its corresponding type declarations.
src/app/api/admin/workflows/handlers.ts(26,8): error TS2307: Cannot find module '@/types/workflow' or its corresponding type declarations.
src/app/api/admin/workflows/handlers.ts(393,18): error TS7006: Parameter 'event' implicitly has an 'any' type.
src/app/api/admin/workflows/handlers.ts(394,15): error TS7006: Parameter 'event' implicitly has an 'any' type.
src/app/api/admin/workflows/route.ts(16,8): error TS2835: Relative import paths need explicit file extensions in ECMAScript imports when '--moduleResolution' is 'node16' or 'nodenext'. Did you mean './handlers.js'?
src/app/api/admin/workflows/route.ts(17,25): error TS2307: Cannot find module '@/lib/trial/logger' or its corresponding type declarations.
src/app/api/analytics/metrics/route.ts(3,56): error TS2307: Cannot find module '@/lib/analytics/metrics' or its corresponding type declarations.
src/app/api/analytics/metrics/route.ts(4,46): error TS2307: Cannot find module '@/middleware/auth' or its corresponding type declarations.
src/app/api/analytics/metrics/route.ts(5,40): error TS2307: Cannot find module '@/middleware/rate-limit' or its corresponding type declarations.
src/app/api/analytics/metrics/route.ts(62,26): error TS18046: 'error' is of type 'unknown'.
src/app/api/analytics/metrics/route.ts(64,16): error TS18046: 'error' is of type 'unknown'.
src/app/api/analytics/metrics/route.ts(65,15): error TS18046: 'error' is of type 'unknown'.
src/app/api/analytics/metrics/route.ts(66,18): error TS18046: 'error' is of type 'unknown'.
src/app/api/analytics/metrics/route.ts(110,16): error TS18046: 'error' is of type 'unknown'.
src/app/api/analytics/metrics/route.ts(111,15): error TS18046: 'error' is of type 'unknown'.
src/app/api/analytics/metrics/route.ts(112,18): error TS18046: 'error' is of type 'unknown'.
src/app/api/analytics/scoring/route.ts(3,60): error TS2307: Cannot find module '@/lib/analytics/scoring' or its corresponding type declarations.
src/app/api/analytics/scoring/route.ts(4,46): error TS2307: Cannot find module '@/middleware/auth' or its corresponding type declarations.
src/app/api/analytics/scoring/route.ts(5,40): error TS2307: Cannot find module '@/middleware/rate-limit' or its corresponding type declarations.
src/app/api/analytics/scoring/route.ts(67,26): error TS18046: 'error' is of type 'unknown'.
src/app/api/analytics/scoring/route.ts(69,16): error TS18046: 'error' is of type 'unknown'.
src/app/api/analytics/scoring/route.ts(70,15): error TS18046: 'error' is of type 'unknown'.
src/app/api/analytics/scoring/route.ts(71,18): error TS18046: 'error' is of type 'unknown'.
src/app/api/analytics/scoring/route.ts(113,16): error TS18046: 'error' is of type 'unknown'.
src/app/api/analytics/scoring/route.ts(114,15): error TS18046: 'error' is of type 'unknown'.
src/app/api/analytics/scoring/route.ts(115,18): error TS18046: 'error' is of type 'unknown'.
src/app/api/ask/route.ts(15,38): error TS2307: Cannot find module '@/lib/rag/supabase-retriever' or its corresponding type declarations.
src/app/api/ask/route.ts(16,27): error TS2307: Cannot find module '@/lib/rag/llm-factory' or its corresponding type declarations.
src/app/api/ask/route.ts(17,29): error TS2307: Cannot find module '@/lib/security/audit-logging' or its corresponding type declarations.
src/app/api/ask/route.ts(18,38): error TS2307: Cannot find module '@/lib/security/pii-masking' or its corresponding type declarations.
src/app/api/ask/route.ts(23,8): error TS2307: Cannot find module '@/lib/middleware/tenant-context' or its corresponding type declarations.
src/app/api/ask/route.ts(24,25): error TS2307: Cannot find module '@/lib/trial/logger' or its corresponding type declarations.
src/app/api/ask/route.ts(43,45): error TS2307: Cannot find module '@/lib/rag/batch-rag-engine' or its corresponding type declarations.
src/app/api/ask/route.ts(44,54): error TS2307: Cannot find module '@/lib/rag/supabase-retriever-v2' or its corresponding type declarations.
src/app/api/ask/route.ts(45,52): error TS2307: Cannot find module '@/lib/rag/llm-client-with-breaker' or its corresponding type declarations.
src/app/api/ask/route.ts(211,70): error TS7006: Parameter 'd' implicitly has an 'any' type.
src/app/api/ask/route.ts(230,48): error TS2307: Cannot find module '@/lib/ragPipeline' or its corresponding type declarations.
src/app/api/ask/route.ts(231,50): error TS2307: Cannot find module '@/lib/observability/langfuse-client' or its corresponding type declarations.
src/app/api/ask/route.ts(246,42): error TS7006: Parameter 'd' implicitly has an 'any' type.
src/app/api/ask/route.ts(295,25): error TS2448: Block-scoped variable 'responsePayload' used before its declaration.
src/app/api/ask/route.ts(295,25): error TS2454: Variable 'responsePayload' is used before being assigned.
src/app/api/badge-audit-trail/route.ts(7,39): error TS2307: Cannot find module '@/lib/security/audit-trail-logger' or its corresponding type declarations.
src/app/api/badge-audit-trail/route.ts(8,24): error TS2307: Cannot find module '@/lib/observability/logger' or its corresponding type declarations.
src/app/api/booking/route.ts(3,66): error TS2307: Cannot find module '@/lib/booking/calendar' or its corresponding type declarations.
src/app/api/booking/route.ts(4,46): error TS2307: Cannot find module '@/middleware/auth' or its corresponding type declarations.
src/app/api/booking/route.ts(5,40): error TS2307: Cannot find module '@/middleware/rate-limit' or its corresponding type declarations.
src/app/api/booking/route.ts(85,26): error TS18046: 'error' is of type 'unknown'.
src/app/api/booking/route.ts(86,26): error TS18046: 'error' is of type 'unknown'.
src/app/api/booking/route.ts(88,16): error TS18046: 'error' is of type 'unknown'.
src/app/api/booking/route.ts(89,15): error TS18046: 'error' is of type 'unknown'.
src/app/api/booking/route.ts(90,18): error TS18046: 'error' is of type 'unknown'.
src/app/api/compliance-reports/route.ts(7,35): error TS2307: Cannot find module '@/lib/security/compliance-checks' or its corresponding type declarations.
src/app/api/compliance-reports/route.ts(8,38): error TS2307: Cannot find module '@/lib/security/audit-report-generator' or its corresponding type declarations.
src/app/api/compliance-reports/route.ts(9,38): error TS2307: Cannot find module '@/lib/security/tenant-access-validator' or its corresponding type declarations.
src/app/api/compliance-reports/route.ts(10,31): error TS2307: Cannot find module '@/lib/middleware/verify-jwt' or its corresponding type declarations.
src/app/api/compliance-reports/route.ts(11,24): error TS2307: Cannot find module '@/lib/observability/logger' or its corresponding type declarations.
src/app/api/ecommerce/checkout/route.ts(3,60): error TS2307: Cannot find module '@/lib/ecommerce/checkout' or its corresponding type declarations.
src/app/api/ecommerce/checkout/route.ts(4,46): error TS2307: Cannot find module '@/middleware/auth' or its corresponding type declarations.
src/app/api/ecommerce/checkout/route.ts(5,40): error TS2307: Cannot find module '@/middleware/rate-limit' or its corresponding type declarations.
src/app/api/ecommerce/checkout/route.ts(124,26): error TS18046: 'error' is of type 'unknown'.
src/app/api/ecommerce/checkout/route.ts(125,26): error TS18046: 'error' is of type 'unknown'.
src/app/api/ecommerce/checkout/route.ts(127,16): error TS18046: 'error' is of type 'unknown'.
src/app/api/ecommerce/checkout/route.ts(128,15): error TS18046: 'error' is of type 'unknown'.
src/app/api/ecommerce/checkout/route.ts(129,18): error TS18046: 'error' is of type 'unknown'.
src/app/api/ecommerce/route.ts(3,48): error TS2307: Cannot find module '@/lib/ecommerce/products' or its corresponding type declarations.
src/app/api/financial/route.ts(2,58): error TS2307: Cannot find module '@/lib/financial/compliance' or its corresponding type declarations.
src/app/api/health/queue/route.ts(7,34): error TS2307: Cannot find module '@/lib/queues/ingestQueue' or its corresponding type declarations.
src/app/api/health/rag-pipeline/route.ts(2,41): error TS2307: Cannot find module '@/lib/rag/supabase-retriever-v2' or its corresponding type declarations.
src/app/api/health/rag-pipeline/route.ts(3,31): error TS2307: Cannot find module '@/lib/rag/llm-client-with-breaker' or its corresponding type declarations.
src/app/api/health/rag-pipeline/route.ts(4,24): error TS2307: Cannot find module '@/lib/observability/logger' or its corresponding type declarations.
src/app/api/health/rag-pipeline/route.ts(33,31): error TS2351: This expression is not constructable.
  Type 'typeof import("W:/BIT B RAG CAHTBOT/node_modules/ioredis/built/index")' has no construct signatures.
src/app/api/healthcare/route.ts(5,52): error TS2307: Cannot find module '@/lib/healthcare/compliance' or its corresponding type declarations.
src/app/api/ingest/route.ts(7,35): error TS2307: Cannot find module '@/lib/queues/ingestQueue' or its corresponding type declarations.
src/app/api/legal/route.ts(2,53): error TS2307: Cannot find module '@/lib/legal/compliance' or its corresponding type declarations.
src/app/api/mcp/route.ts(10,54): error TS2307: Cannot find module '@/lib/mcp/router' or its corresponding type declarations.
src/app/api/mcp/route.ts(16,8): error TS2307: Cannot find module '@/lib/mcp/handlers' or its corresponding type declarations.
src/app/api/metrics/route.ts(2,46): error TS2307: Cannot find module '@/lib/monitoring/metrics' or its corresponding type declarations.
src/app/api/metrics/route.ts(3,48): error TS2307: Cannot find module '@/lib/monitoring' or its corresponding type declarations.
src/app/api/mint-token/route.ts(3,34): error TS2307: Cannot find module '@/lib/dynamic-cors' or its corresponding type declarations.
src/app/api/mint-token/route.ts(4,75): error TS2307: Cannot find module '@/lib/monitoring/security-metrics' or its corresponding type declarations.
src/app/api/mint-token/route.ts(56,45): error TS2307: Cannot find module '@/lib/security/rate-limiting' or its corresponding type declarations.
src/app/api/monitoring.ts(3,28): error TS2307: Cannot find module '@/lib/monitoring' or its corresponding type declarations.
src/app/api/realestate/route.ts(2,67): error TS2307: Cannot find module '@/lib/realestate/utils' or its corresponding type declarations.
src/app/api/recommendations/route.ts(3,36): error TS2307: Cannot find module '@/lib/recommendations/engine' or its corresponding type declarations.
src/app/api/revoke-token/route.ts(2,27): error TS2307: Cannot find module '@/lib/security/jti-revocation' or its corresponding type declarations.
src/app/api/telemetry/citation-click/route.ts(2,41): error TS2307: Cannot find module '@/lib/supabase-client' or its corresponding type declarations.
src/app/api/tenant/features/route.ts(7,27): error TS2307: Cannot find module '@/lib/jwt' or its corresponding type declarations.
src/app/api/tenant/features/route.ts(8,33): error TS2307: Cannot find module '@/lib/plan-detector' or its corresponding type declarations.
src/app/api/tenant/features/route.ts(9,35): error TS2307: Cannot find module '@/types/multi-plan' or its corresponding type declarations.
src/app/api/tenant/plan/route.ts(8,27): error TS2307: Cannot find module '@/lib/jwt' or its corresponding type declarations.
src/app/api/tenant/plan/route.ts(9,33): error TS2307: Cannot find module '@/lib/plan-detector' or its corresponding type declarations.
src/app/api/tenant/plan/route.ts(10,103): error TS2307: Cannot find module '@/types/multi-plan' or its corresponding type declarations.
src/app/api/trial/branding/route.ts(3,52): error TS2307: Cannot find module '@/types/trial' or its corresponding type declarations.
src/app/api/trial/branding/route.ts(4,75): error TS2307: Cannot find module '@/lib/trial/tool-assignment' or its corresponding type declarations.
src/app/api/trial/branding/route.ts(9,8): error TS2307: Cannot find module '@/lib/trial/validation' or its corresponding type declarations.
src/app/api/trial/branding/route.ts(15,8): error TS2307: Cannot find module '@/lib/trial/errors' or its corresponding type declarations.
src/app/api/trial/branding/route.ts(16,58): error TS2307: Cannot find module '@/lib/trial/auth' or its corresponding type declarations.
src/app/api/trial/branding/route.ts(17,25): error TS2307: Cannot find module '@/lib/trial/logger' or its corresponding type declarations.
src/app/api/trial/branding/route.ts(18,41): error TS2307: Cannot find module '@/lib/supabase-client' or its corresponding type declarations.
src/app/api/trial/branding/route.ts(87,42): error TS7006: Parameter 'doc' implicitly has an 'any' type.
src/app/api/trial/branding/route.ts(167,61): error TS18046: 'error' is of type 'unknown'.
src/app/api/trial/branding/route.ts(168,41): error TS18046: 'error' is of type 'unknown'.
src/app/api/trial/branding/route.ts(168,68): error TS18046: 'error' is of type 'unknown'.
src/app/api/trial/branding/route.ts(172,61): error TS18046: 'error' is of type 'unknown'.
src/app/api/trial/branding/route.ts(173,41): error TS18046: 'error' is of type 'unknown'.
src/app/api/trial/branding/route.ts(173,68): error TS18046: 'error' is of type 'unknown'.
src/app/api/trial/branding/route.ts(178,41): error TS18046: 'error' is of type 'unknown'.
src/app/api/trial/branding/route.ts(182,25): error TS18046: 'error' is of type 'unknown'.
src/app/api/trial/generate-widget/route.ts(4,45): error TS2307: Cannot find module '@/types/trial' or its corresponding type declarations.
src/app/api/trial/generate-widget/route.ts(5,34): error TS2307: Cannot find module '@/lib/trial/rag-pipeline' or its corresponding type declarations.
src/app/api/trial/generate-widget/route.ts(6,41): error TS2307: Cannot find module '@/lib/supabase-client' or its corresponding type declarations.
src/app/api/trial/generate-widget/route.ts(81,16): error TS7006: Parameter 'error' implicitly has an 'any' type.
src/app/api/trial/kb/manual/route.ts(3,38): error TS2307: Cannot find module '@/types/trial' or its corresponding type declarations.
src/app/api/trial/kb/manual/route.ts(9,8): error TS2307: Cannot find module '@/lib/trial/validation' or its corresponding type declarations.
src/app/api/trial/kb/manual/route.ts(15,8): error TS2307: Cannot find module '@/lib/trial/errors' or its corresponding type declarations.
src/app/api/trial/kb/manual/route.ts(16,35): error TS2307: Cannot find module '@/lib/trial/auth' or its corresponding type declarations.
src/app/api/trial/kb/manual/route.ts(17,25): error TS2307: Cannot find module '@/lib/trial/logger' or its corresponding type declarations.
src/app/api/trial/kb/manual/route.ts(18,41): error TS2307: Cannot find module '@/lib/supabase-client' or its corresponding type declarations.
src/app/api/trial/kb/manual/route.ts(161,62): error TS18046: 'error' is of type 'unknown'.
src/app/api/trial/kb/manual/route.ts(162,41): error TS18046: 'error' is of type 'unknown'.
src/app/api/trial/kb/manual/route.ts(162,68): error TS18046: 'error' is of type 'unknown'.
src/app/api/trial/kb/manual/route.ts(166,62): error TS18046: 'error' is of type 'unknown'.
src/app/api/trial/kb/manual/route.ts(167,41): error TS18046: 'error' is of type 'unknown'.
src/app/api/trial/kb/manual/route.ts(167,68): error TS18046: 'error' is of type 'unknown'.
src/app/api/trial/kb/manual/route.ts(172,41): error TS18046: 'error' is of type 'unknown'.
src/app/api/trial/kb/manual/route.ts(176,25): error TS18046: 'error' is of type 'unknown'.
src/app/api/trial/kb/upload/route.ts(4,39): error TS2307: Cannot find module '@/types/trial' or its corresponding type declarations.
src/app/api/trial/kb/upload/route.ts(9,8): error TS2307: Cannot find module '@/lib/trial/validation' or its corresponding type declarations.
src/app/api/trial/kb/upload/route.ts(15,8): error TS2307: Cannot find module '@/lib/trial/errors' or its corresponding type declarations.
src/app/api/trial/kb/upload/route.ts(16,35): error TS2307: Cannot find module '@/lib/trial/auth' or its corresponding type declarations.
src/app/api/trial/kb/upload/route.ts(17,25): error TS2307: Cannot find module '@/lib/trial/logger' or its corresponding type declarations.
src/app/api/trial/kb/upload/route.ts(18,41): error TS2307: Cannot find module '@/lib/supabase-client' or its corresponding type declarations.
src/app/api/trial/kb/upload/route.ts(235,62): error TS18046: 'error' is of type 'unknown'.
src/app/api/trial/kb/upload/route.ts(236,41): error TS18046: 'error' is of type 'unknown'.
src/app/api/trial/kb/upload/route.ts(236,68): error TS18046: 'error' is of type 'unknown'.
src/app/api/trial/kb/upload/route.ts(240,62): error TS18046: 'error' is of type 'unknown'.
src/app/api/trial/kb/upload/route.ts(241,41): error TS18046: 'error' is of type 'unknown'.
src/app/api/trial/kb/upload/route.ts(241,68): error TS18046: 'error' is of type 'unknown'.
src/app/api/trial/kb/upload/route.ts(246,41): error TS18046: 'error' is of type 'unknown'.
src/app/api/trial/kb/upload/route.ts(250,25): error TS18046: 'error' is of type 'unknown'.
src/app/api/trial/start/route.ts(3,60): error TS2307: Cannot find module '@/types/trial' or its corresponding type declarations.
src/app/api/trial/start/route.ts(4,75): error TS2307: Cannot find module '@/lib/trial/validation' or its corresponding type declarations.
src/app/api/trial/start/route.ts(5,78): error TS2307: Cannot find module '@/lib/trial/errors' or its corresponding type declarations.
src/app/api/trial/start/route.ts(6,32): error TS2307: Cannot find module '@/lib/trial/auth' or its corresponding type declarations.
src/app/api/trial/start/route.ts(7,25): error TS2307: Cannot find module '@/lib/trial/logger' or its corresponding type declarations.
src/app/api/trial/start/route.ts(8,41): error TS2307: Cannot find module '@/lib/supabase-client' or its corresponding type declarations.
src/app/api/trial/start/route.ts(136,58): error TS18046: 'error' is of type 'unknown'.
src/app/api/trial/start/route.ts(138,18): error TS18046: 'error' is of type 'unknown'.
src/app/api/trial/start/route.ts(139,19): error TS18046: 'error' is of type 'unknown'.
src/app/api/trial/start/route.ts(146,18): error TS18046: 'error' is of type 'unknown'.
src/app/api/trial/start/route.ts(152,25): error TS18046: 'error' is of type 'unknown'.
src/app/api/verify-token/route.ts(3,30): error TS2307: Cannot find module '@/lib/security/jti-revocation' or its corresponding type declarations.
src/app/api/verify-token/route.ts(14,35): error TS2769: No overload matches this call.
  The last overload gave the following error.
    Argument of type 'string | undefined' is not assignable to parameter of type 'Buffer<ArrayBufferLike> | Secret | JsonWebKeyInput | PublicKeyInput | GetPublicKeyOrSecret'.
      Type 'undefined' is not assignable to type 'Buffer<ArrayBufferLike> | Secret | JsonWebKeyInput | PublicKeyInput | GetPublicKeyOrSecret'.
src/app/api/widget/chat/route.ts(2,71): error TS2307: Cannot find module '@/types/chatbot' or its corresponding type declarations.
src/app/api/widget/chat/route.ts(4,28): error TS2307: Cannot find module '@/lib/trial/usage-tracker' or its corresponding type declarations.
src/app/api/widget/chat/route.ts(5,30): error TS2307: Cannot find module '@/lib/trial/quota-enforcer' or its corresponding type declarations.
src/app/api/widget/chat/route.ts(6,39): error TS2307: Cannot find module '@/lib/trial/audit-logger' or its corresponding type declarations.
src/app/api/widget/chat/route.ts(7,34): error TS2307: Cannot find module '@/lib/healthcare/compliance' or its corresponding type declarations.
src/app/api/widget/chat/route.ts(8,53): error TS2307: Cannot find module '@/lib/legal/compliance' or its corresponding type declarations.
src/app/api/widget/chat/route.ts(18,41): error TS2307: Cannot find module '@/lib/supabase-client' or its corresponding type declarations.
src/app/api/widget/chat/route.ts(19,25): error TS2307: Cannot find module '@/lib/trial/logger' or its corresponding type declarations.
src/app/api/widget/chat/route.ts(20,41): error TS2307: Cannot find module '@/lib/ragPipeline' or its corresponding type declarations.
src/app/api/widget/chat/route.ts(68,77): error TS2307: Cannot find module '@/lib/monitoring' or its corresponding type declarations.
src/app/api/widget/chat/route.ts(69,51): error TS2307: Cannot find module '@/lib/monitoring/metrics' or its corresponding type declarations.
src/app/api/widget/chat/route.ts(107,31): error TS7006: Parameter 'sum' implicitly has an 'any' type.
src/app/api/widget/chat/route.ts(107,36): error TS7006: Parameter 'msg' implicitly has an 'any' type.
src/app/api/widget/chat/route.ts(150,46): error TS2307: Cannot find module '@/lib/plan-detector' or its corresponding type declarations.
src/app/api/widget/chat/route.ts(186,29): error TS7006: Parameter 'm' implicitly has an 'any' type.
src/app/api/widget/chat/route.ts(195,33): error TS7006: Parameter 'msg' implicitly has an 'any' type.
src/app/api/widget/chat/route.ts(214,31): error TS7006: Parameter 'msg' implicitly has an 'any' type.
src/app/api/widget/chat/route.ts(231,73): error TS2307: Cannot find module '@/lib/financial/compliance' or its corresponding type declarations.
src/app/api/widget/chat/route.ts(235,31): error TS7006: Parameter 'msg' implicitly has an 'any' type.
src/app/api/widget/chat/route.ts(256,117): error TS2307: Cannot find module '@/lib/realestate/utils' or its corresponding type declarations.
src/app/api/widget/chat/route.ts(260,31): error TS7006: Parameter 'msg' implicitly has an 'any' type.
src/app/api/widget/chat/route.ts(286,47): error TS2307: Cannot find module '@/lib/ecommerce/products' or its corresponding type declarations.
src/app/api/widget/chat/route.ts(289,31): error TS7006: Parameter 'msg' implicitly has an 'any' type.
src/app/api/widget/chat/route.ts(343,48): error TS2307: Cannot find module '@/lib/ragPipeline' or its corresponding type declarations.
src/app/api/widget/chat/route.ts(347,47): error TS2307: Cannot find module '@/lib/rag/batch-rag-engine' or its corresponding type declarations.
src/app/api/widget/chat/route.ts(348,56): error TS2307: Cannot find module '@/lib/rag/supabase-retriever-v2' or its corresponding type declarations.
src/app/api/widget/chat/route.ts(349,46): error TS2307: Cannot find module '@/lib/rag/llm-client-with-breaker' or its corresponding type declarations.
src/app/api/widget/chat/route.ts(384,65): error TS7006: Parameter 'sum' implicitly has an 'any' type.
src/app/api/widget/chat/route.ts(384,70): error TS7006: Parameter 'result' implicitly has an 'any' type.
src/app/api/widget/chat/route.ts(481,61): error TS7006: Parameter 'sum' implicitly has an 'any' type.
src/app/api/widget/chat/route.ts(481,66): error TS7006: Parameter 'result' implicitly has an 'any' type.
src/app/api/widget/chat/route.ts(665,47): error TS2307: Cannot find module '@/lib/citations' or its corresponding type declarations.
src/app/api/widget/chat/route.ts(745,44): error TS2307: Cannot find module '@/lib/monitoring' or its corresponding type declarations.
src/app/api/widget/session/route.ts(2,62): error TS2307: Cannot find module '@/types/trial' or its corresponding type declarations.
src/app/api/widget/session/route.ts(3,63): error TS2307: Cannot find module '@/lib/trial/errors' or its corresponding type declarations.
src/app/api/widget/session/route.ts(4,25): error TS2307: Cannot find module '@/lib/trial/logger' or its corresponding type declarations.
src/app/api/widget/session/route.ts(5,41): error TS2307: Cannot find module '@/lib/supabase-client' or its corresponding type declarations.
src/app/api/ws/route.ts(5,37): error TS2307: Cannot find module '@/server/websocket-server' or its corresponding type declarations.
src/app/case-studies/page.tsx(1,18): error TS2307: Cannot find module 'next/link' or its corresponding type declarations.
src/app/case-studies/page.tsx(2,19): error TS2307: Cannot find module 'next/image' or its corresponding type declarations.
src/app/chatbot-admin/AnalyticsWidgets.tsx(4,37): error TS2307: Cannot find module '@/lib/admin/analytics' or its corresponding type declarations.
src/app/chatbot-admin/AnalyticsWidgets.tsx(5,34): error TS2307: Cannot find module '@/components/ui/chart' or its corresponding type declarations.
src/app/chatbot-admin/AnalyticsWidgets.tsx(12,8): error TS2307: Cannot find module '@/components/ui/chart' or its corresponding type declarations.
src/app/chatbot-admin/layout.tsx(2,18): error TS2307: Cannot find module 'next/link' or its corresponding type declarations.
src/app/chatbot-admin/operations/page.tsx(1,32): error TS2307: Cannot find module '@/components/admin/SystemHealthWidget' or its corresponding type declarations.
src/app/chatbot-admin/operations/page.tsx(2,29): error TS2307: Cannot find module '@/components/admin/ErrorRateWidget' or its corresponding type declarations.
src/app/chatbot-admin/operations/page.tsx(3,30): error TS2307: Cannot find module '@/components/admin/QuotaUsageWidget' or its corresponding type declarations.
src/app/chatbot-admin/page.tsx(1,43): error TS2835: Relative import paths need explicit file extensions in ECMAScript imports when '--moduleResolution' is 'node16' or 'nodenext'. Did you mean './TenantTable.jsx'?
src/app/chatbot-admin/page.tsx(2,58): error TS2835: Relative import paths need explicit file extensions in ECMAScript imports when '--moduleResolution' is 'node16' or 'nodenext'. Did you mean './EscalationTimeline.jsx'?
src/app/chatbot-admin/page.tsx(3,30): error TS2835: Relative import paths need explicit file extensions in ECMAScript imports when '--moduleResolution' is 'node16' or 'nodenext'. Did you mean './AnalyticsWidgets.jsx'?
src/app/chatbot-admin/page.tsx(10,35): error TS2307: Cannot find module '@/lib/admin/analytics' or its corresponding type declarations.
src/app/chatbot-admin/tenants/page.tsx(1,34): error TS2307: Cannot find module '@/components/admin/TrialManagementPanel' or its corresponding type declarations.
src/app/chatbot-admin/TenantTable.tsx(5,20): error TS2307: Cannot find module '@/lib/utils' or its corresponding type declarations.
src/app/chatbot-admin/widget/page.tsx(1,31): error TS2307: Cannot find module '@/components/admin/TenantConfigPanel' or its corresponding type declarations.
src/app/company/about/page.tsx(1,19): error TS2307: Cannot find module 'next/image' or its corresponding type declarations.
src/app/company/about/page.tsx(2,18): error TS2307: Cannot find module 'next/link' or its corresponding type declarations.
src/app/company/layout.tsx(1,18): error TS2307: Cannot find module 'next/link' or its corresponding type declarations.
src/app/company/resources/page.tsx(4,18): error TS2307: Cannot find module 'next/link' or its corresponding type declarations.
src/app/company/resources/page.tsx(5,58): error TS2307: Cannot find module '@/components/ui/tabs' or its corresponding type declarations.
src/app/connect/page.tsx(4,18): error TS2307: Cannot find module 'next/link' or its corresponding type declarations.
src/app/global-error.tsx(3,27): error TS2307: Cannot find module '@/components/ErrorReporter' or its corresponding type declarations.
src/app/layout.tsx(3,34): error TS2835: Relative import paths need explicit file extensions in ECMAScript imports when '--moduleResolution' is 'node16' or 'nodenext'. Did you mean '../visual-edits/VisualEditsMessenger.jsx'?
src/app/layout.tsx(4,27): error TS2307: Cannot find module '@/components/ErrorReporter' or its corresponding type declarations.
src/app/layout.tsx(5,20): error TS2307: Cannot find module 'next/script' or its corresponding type declarations.
src/app/layout.tsx(6,31): error TS2307: Cannot find module '@/components/chatbot/ChatbotWidget' or its corresponding type declarations.
src/app/layout.tsx(7,25): error TS2307: Cannot find module '@/components/ui/sonner' or its corresponding type declarations.
src/app/page.tsx(1,25): error TS2835: Relative import paths need explicit file extensions in ECMAScript imports when '--moduleResolution' is 'node16' or 'nodenext'. Did you mean './(marketing)/page.jsx'?
src/app/subscriptions/page.tsx(4,18): error TS2307: Cannot find module 'next/link' or its corresponding type declarations.
src/app/subscriptions/page.tsx(5,78): error TS2307: Cannot find module '@/components/ui/accordion' or its corresponding type declarations.
src/app/subscriptions/page.tsx(6,20): error TS2307: Cannot find module '@/lib/utils' or its corresponding type declarations.
src/app/trial/page.tsx(1,35): error TS2307: Cannot find module '@/components/trial/TrialOnboardingWizard' or its corresponding type declarations.
src/components/admin/TrialManagementPanel.tsx(4,22): error TS2307: Cannot find module '@/components/ui/card' or its corresponding type declarations.
src/components/admin/TrialManagementPanel.tsx(5,24): error TS2307: Cannot find module '@/components/ui/button' or its corresponding type declarations.
src/components/admin/TrialManagementPanel.tsx(6,23): error TS2307: Cannot find module '@/components/ui/input' or its corresponding type declarations.
src/components/admin/TrialManagementPanel.tsx(7,23): error TS2307: Cannot find module '@/components/ui/badge' or its corresponding type declarations.
src/components/admin/TrialManagementPanel.tsx(15,8): error TS2307: Cannot find module '@/components/ui/table' or its corresponding type declarations.
src/components/admin/TrialManagementPanel.tsx(22,8): error TS2307: Cannot find module '@/components/ui/select' or its corresponding type declarations.
src/components/admin/TrialManagementPanel.tsx(234,28): error TS7006: Parameter 'e' implicitly has an 'any' type.
src/components/chatbot/BatchQueryInput.tsx(4,24): error TS2307: Cannot find module '@/components/ui/button' or its corresponding type declarations.
src/components/chatbot/BatchQueryInput.tsx(5,26): error TS2307: Cannot find module '@/components/ui/textarea' or its corresponding type declarations.
src/components/chatbot/BatchQueryInput.tsx(6,75): error TS2307: Cannot find module '@/components/ui/card' or its corresponding type declarations.
src/components/chatbot/BatchQueryInput.tsx(8,41): error TS2307: Cannot find module '@/components/ui/alert' or its corresponding type declarations.
src/components/chatbot/BatchQueryInput.tsx(97,30): error TS7006: Parameter 'e' implicitly has an 'any' type.
src/components/chatbot/BatchResults.tsx(9,8): error TS2307: Cannot find module '@/components/ui/accordion' or its corresponding type declarations.
src/components/chatbot/BatchResults.tsx(10,58): error TS2307: Cannot find module '@/components/ui/card' or its corresponding type declarations.
src/components/chatbot/BatchResults.tsx(11,23): error TS2307: Cannot find module '@/components/ui/badge' or its corresponding type declarations.
src/components/chatbot/BatchResults.tsx(12,26): error TS2307: Cannot find module '@/components/ui/progress' or its corresponding type declarations.
src/components/chatbot/ChatbotSettings.tsx(5,24): error TS2307: Cannot find module '@/components/ui/button' or its corresponding type declarations.
src/components/chatbot/ChatbotSettings.tsx(6,23): error TS2307: Cannot find module '@/components/ui/input' or its corresponding type declarations.
src/components/chatbot/ChatbotSettings.tsx(7,23): error TS2307: Cannot find module '@/components/ui/label' or its corresponding type declarations.
src/components/chatbot/ChatbotSettings.tsx(8,79): error TS2307: Cannot find module '@/components/ui/select' or its corresponding type declarations.
src/components/chatbot/ChatbotSettings.tsx(9,58): error TS2307: Cannot find module '@/components/ui/tabs' or its corresponding type declarations.
src/components/chatbot/ChatbotSettings.tsx(10,24): error TS2307: Cannot find module '@/components/ui/switch' or its corresponding type declarations.
src/components/chatbot/ChatbotSettings.tsx(11,26): error TS2307: Cannot find module '@/components/ui/textarea' or its corresponding type declarations.
src/components/chatbot/ChatbotSettings.tsx(12,28): error TS2307: Cannot find module '@/components/ui/scroll-area' or its corresponding type declarations.
src/components/chatbot/ChatbotSettings.tsx(13,31): error TS2307: Cannot find module '@/types/chatbot' or its corresponding type declarations.
src/components/chatbot/ChatbotSettings.tsx(14,27): error TS2307: Cannot find module '@/components/ui/separator' or its corresponding type declarations.
src/components/chatbot/ChatbotSettings.tsx(55,52): error TS7006: Parameter '_' implicitly has an 'any' type.
src/components/chatbot/ChatbotSettings.tsx(55,55): error TS7006: Parameter 'i' implicitly has an 'any' type.
src/components/chatbot/ChatbotSettings.tsx(107,30): error TS7006: Parameter 'e' implicitly has an 'any' type.
src/components/chatbot/ChatbotSettings.tsx(121,32): error TS7006: Parameter 'e' implicitly has an 'any' type.
src/components/chatbot/ChatbotSettings.tsx(128,32): error TS7006: Parameter 'e' implicitly has an 'any' type.
src/components/chatbot/ChatbotSettings.tsx(141,35): error TS7006: Parameter 'value' implicitly has an 'any' type.
src/components/chatbot/ChatbotSettings.tsx(264,30): error TS7006: Parameter 'e' implicitly has an 'any' type.
src/components/chatbot/ChatbotSettings.tsx(284,37): error TS7006: Parameter 'checked' implicitly has an 'any' type.
src/components/chatbot/ChatbotSettings.tsx(301,37): error TS7006: Parameter 'checked' implicitly has an 'any' type.
src/components/chatbot/ChatbotSettings.tsx(318,37): error TS7006: Parameter 'checked' implicitly has an 'any' type.
src/components/chatbot/ChatbotSettings.tsx(335,37): error TS7006: Parameter 'checked' implicitly has an 'any' type.
src/components/chatbot/ChatbotSettings.tsx(352,37): error TS7006: Parameter 'checked' implicitly has an 'any' type.
src/components/chatbot/ChatbotSettings.tsx(369,32): error TS7006: Parameter 'e' implicitly has an 'any' type.
src/components/chatbot/ChatbotSettings.tsx(371,33): error TS7006: Parameter 'e' implicitly has an 'any' type.
src/components/chatbot/ChatbotSettings.tsx(383,49): error TS7006: Parameter 'url' implicitly has an 'any' type.
src/components/chatbot/ChatbotSettings.tsx(383,54): error TS7006: Parameter 'index' implicitly has an 'any' type.
src/components/chatbot/ChatbotSettings.tsx(419,30): error TS7006: Parameter 'e' implicitly has an 'any' type.
src/components/chatbot/ChatbotSettings.tsx(426,57): error TS7006: Parameter 'doc' implicitly has an 'any' type.
src/components/chatbot/ChatbotSettings.tsx(426,62): error TS7006: Parameter 'index' implicitly has an 'any' type.
src/components/chatbot/ChatbotWidget.tsx(8,24): error TS2307: Cannot find module '@/components/ui/button' or its corresponding type declarations.
src/components/chatbot/ChatbotWidget.tsx(9,26): error TS2307: Cannot find module '@/components/ui/textarea' or its corresponding type declarations.
src/components/chatbot/ChatbotWidget.tsx(10,28): error TS2307: Cannot find module '@/components/ui/scroll-area' or its corresponding type declarations.
src/components/chatbot/ChatbotWidget.tsx(11,23): error TS2307: Cannot find module '@/components/ui/badge' or its corresponding type declarations.
src/components/chatbot/ChatbotWidget.tsx(12,74): error TS2307: Cannot find module '@/components/ui/tooltip' or its corresponding type declarations.
src/components/chatbot/ChatbotWidget.tsx(13,58): error TS2307: Cannot find module '@/components/ui/tabs' or its corresponding type declarations.
src/components/chatbot/ChatbotWidget.tsx(14,49): error TS2307: Cannot find module '@/types/chatbot' or its corresponding type declarations.
src/components/chatbot/ChatbotWidget.tsx(15,32): error TS2307: Cannot find module '@/lib/previewPlaybook' or its corresponding type declarations.
src/components/chatbot/ChatbotWidget.tsx(16,32): error TS2307: Cannot find module '@/lib/telemetry/greetingTelemetry' or its corresponding type declarations.
src/components/chatbot/ChatbotWidget.tsx(17,33): error TS2307: Cannot find module '@/components/chatbot/BatchQueryInput' or its corresponding type declarations.
src/components/chatbot/ChatbotWidget.tsx(18,45): error TS2307: Cannot find module '@/components/chatbot/BatchResults' or its corresponding type declarations.
src/components/chatbot/ChatbotWidget.tsx(19,26): error TS2307: Cannot find module '@/components/chatbot/CitationCard' or its corresponding type declarations.
src/components/chatbot/ChatbotWidget.tsx(20,44): error TS2307: Cannot find module '@/components/chatbot/healthcare/HealthcareWidgetExtensions' or its corresponding type declarations.
src/components/chatbot/ChatbotWidget.tsx(21,39): error TS2307: Cannot find module '@/components/chatbot/legal/LegalWidgetExtensions' or its corresponding type declarations.
src/components/chatbot/ChatbotWidget.tsx(22,43): error TS2307: Cannot find module '@/components/chatbot/financial/FinancialWidgetExtensions' or its corresponding type declarations.
src/components/chatbot/ChatbotWidget.tsx(23,44): error TS2307: Cannot find module '@/components/chatbot/realestate/RealEstateWidgetExtensions' or its corresponding type declarations.
src/components/chatbot/ChatbotWidget.tsx(24,43): error TS2307: Cannot find module '@/components/chatbot/ecommerce/EcommerceWidgetExtensions' or its corresponding type declarations.
src/components/chatbot/ChatbotWidget.tsx(25,41): error TS2307: Cannot find module '@/components/chatbot/booking/BookingWidgetExtensions' or its corresponding type declarations.
src/components/chatbot/ChatbotWidget.tsx(855,53): error TS7006: Parameter 'source' implicitly has an 'any' type.
src/components/chatbot/ChatbotWidget.tsx(855,61): error TS7006: Parameter 'idx' implicitly has an 'any' type.
src/components/chatbot/ChatbotWidget.tsx(873,59): error TS7006: Parameter 'reply' implicitly has an 'any' type.
src/components/chatbot/ChatbotWidget.tsx(873,66): error TS7006: Parameter 'idx' implicitly has an 'any' type.
src/components/chatbot/ChatbotWidget.tsx(952,58): error TS7006: Parameter 'v' implicitly has an 'any' type.
src/components/chatbot/ChatbotWidget.tsx(974,38): error TS7006: Parameter 'e' implicitly has an 'any' type.
src/components/chatbot/ChatbotWidget.tsx(975,39): error TS7006: Parameter 'e' implicitly has an 'any' type.
src/components/chatbot/ChatbotWidget.tsx(1052,29): error TS7006: Parameter 'e' implicitly has an 'any' type.
src/components/chatbot/ecommerce/EcommerceWidgetExtensions.tsx(4,25): error TS2307: Cannot find module '@/lib/ecommerce/products' or its corresponding type declarations.
src/components/chatbot/ecommerce/EcommerceWidgetExtensions.tsx(5,29): error TS2835: Relative import paths need explicit file extensions in ECMAScript imports when '--moduleResolution' is 'node16' or 'nodenext'. Did you mean './ProductCard.jsx'?
src/components/chatbot/ecommerce/ProductCard.tsx(4,25): error TS2307: Cannot find module '@/lib/ecommerce/products' or its corresponding type declarations.
src/components/chatbot/financial/FinancialWidgetExtensions.tsx(2,39): error TS2307: Cannot find module '@/app/tenant/financial' or its corresponding type declarations.
src/components/chatbot/healthcare/HealthcareWidgetExtensions.tsx(2,40): error TS2307: Cannot find module '@/app/tenant/healthcare' or its corresponding type declarations.
src/components/chatbot/healthcare/HealthcareWidgetExtensions.tsx(47,53): error TS7006: Parameter 'prompt' implicitly has an 'any' type.
src/components/chatbot/healthcare/HealthcareWidgetExtensions.tsx(47,61): error TS7006: Parameter 'idx' implicitly has an 'any' type.
src/components/chatbot/legal/LegalWidgetExtensions.tsx(2,35): error TS2307: Cannot find module '@/app/tenant/legal' or its corresponding type declarations.
src/components/chatbot/legal/LegalWidgetExtensions.tsx(39,47): error TS7006: Parameter 'doc' implicitly has an 'any' type.
src/components/chatbot/legal/LegalWidgetExtensions.tsx(39,52): error TS7006: Parameter 'idx' implicitly has an 'any' type.
src/components/chatbot/realestate/RealEstateWidgetExtensions.tsx(2,40): error TS2307: Cannot find module '@/app/tenant/realestate' or its corresponding type declarations.
src/components/chatbot/recommendations/RecommendationsWidgetExtensions.tsx(3,32): error TS2307: Cannot find module '@/lib/recommendations/engine' or its corresponding type declarations.
src/components/chatbot/TalkToHumanButton.tsx(15,58): error TS2307: Cannot find module '@/lib/escalation/human-escalation-service' or its corresponding type declarations.
src/components/chatbot/TalkToHumanButton.tsx(46,67): error TS7006: Parameter 'status' implicitly has an 'any' type.
src/components/chatbot/TalkToHumanButton.tsx(46,75): error TS7006: Parameter 'count' implicitly has an 'any' type.
src/components/marketing/MarketingNav.tsx(4,18): error TS2307: Cannot find module 'next/link' or its corresponding type declarations.
src/components/marketing/MarketingNav.tsx(5,29): error TS2307: Cannot find module 'next/navigation' or its corresponding type declarations.
src/components/marketing/MarketingNav.tsx(7,20): error TS2307: Cannot find module '@/lib/utils' or its corresponding type declarations.
src/components/marketing/MarketingNav.tsx(8,58): error TS2835: Relative import paths need explicit file extensions in ECMAScript imports when '--moduleResolution' is 'node16' or 'nodenext'. Did you mean './marketing-nav-data.js'?
src/components/marketing/MarketingNav.tsx(15,31): error TS7006: Parameter 'item' implicitly has an 'any' type.
src/components/trial/PlatformDetector.tsx(2,23): error TS2307: Cannot find module '@/components/ui/input' or its corresponding type declarations.
src/components/trial/PlatformDetector.tsx(3,24): error TS2307: Cannot find module '@/components/ui/button' or its corresponding type declarations.
src/components/trial/PlatformDetector.tsx(4,23): error TS2307: Cannot find module '@/components/ui/label' or its corresponding type declarations.
src/components/trial/PlatformDetector.tsx(5,79): error TS2307: Cannot find module '@/components/ui/select' or its corresponding type declarations.
src/components/trial/PlatformDetector.tsx(45,73): error TS7006: Parameter 'e' implicitly has an 'any' type.
src/components/trial/PlatformDetector.tsx(70,64): error TS7006: Parameter 'v' implicitly has an 'any' type.
src/components/trial/TrialOnboardingWizard.tsx(5,22): error TS2307: Cannot find module '@/components/ui/card' or its corresponding type declarations.
src/components/trial/TrialOnboardingWizard.tsx(6,24): error TS2307: Cannot find module '@/components/ui/button' or its corresponding type declarations.
src/components/trial/TrialOnboardingWizard.tsx(7,23): error TS2307: Cannot find module '@/components/ui/input' or its corresponding type declarations.
src/components/trial/TrialOnboardingWizard.tsx(8,23): error TS2307: Cannot find module '@/components/ui/label' or its corresponding type declarations.
src/components/trial/TrialOnboardingWizard.tsx(9,26): error TS2307: Cannot find module '@/components/ui/textarea' or its corresponding type declarations.
src/components/trial/TrialOnboardingWizard.tsx(10,79): error TS2307: Cannot find module '@/components/ui/select' or its corresponding type declarations.
src/components/trial/TrialOnboardingWizard.tsx(11,41): error TS2307: Cannot find module '@/components/ui/alert' or its corresponding type declarations.
src/components/trial/TrialOnboardingWizard.tsx(12,25): error TS2307: Cannot find module '@/components/ui/spinner' or its corresponding type declarations.
src/components/trial/TrialOnboardingWizard.tsx(293,30): error TS7006: Parameter 'e' implicitly has an 'any' type.
src/components/trial/TrialOnboardingWizard.tsx(304,30): error TS7006: Parameter 'e' implicitly has an 'any' type.
src/components/trial/TrialOnboardingWizard.tsx(350,30): error TS7006: Parameter 'e' implicitly has an 'any' type.
src/components/trial/TrialOnboardingWizard.tsx(385,32): error TS7006: Parameter 'e' implicitly has an 'any' type.
src/components/trial/TrialOnboardingWizard.tsx(395,32): error TS7006: Parameter 'e' implicitly has an 'any' type.
src/components/trial/TrialOnboardingWizard.tsx(422,30): error TS7006: Parameter 'e' implicitly has an 'any' type.
src/components/trial/TrialOnboardingWizardGSAP.tsx(2,22): error TS2307: Cannot find module '@/components/ui/card' or its corresponding type declarations.
src/components/trial/TrialOnboardingWizardGSAP.tsx(3,24): error TS2307: Cannot find module '@/components/ui/button' or its corresponding type declarations.
src/components/trial/TrialOnboardingWizardGSAP.tsx(4,23): error TS2307: Cannot find module '@/components/ui/input' or its corresponding type declarations.
src/components/trial/TrialOnboardingWizardGSAP.tsx(5,23): error TS2307: Cannot find module '@/components/ui/label' or its corresponding type declarations.
src/components/trial/TrialOnboardingWizardGSAP.tsx(6,26): error TS2307: Cannot find module '@/components/ui/textarea' or its corresponding type declarations.
src/components/trial/TrialOnboardingWizardGSAP.tsx(7,79): error TS2307: Cannot find module '@/components/ui/select' or its corresponding type declarations.
src/components/trial/TrialOnboardingWizardGSAP.tsx(8,41): error TS2307: Cannot find module '@/components/ui/alert' or its corresponding type declarations.
src/components/trial/TrialOnboardingWizardGSAP.tsx(9,26): error TS2307: Cannot find module '@/components/ui/progress' or its corresponding type declarations.
src/components/trial/TrialOnboardingWizardGSAP.tsx(11,30): error TS2307: Cannot find module '@/components/trial/PlatformDetector' or its corresponding type declarations.
src/components/trial/TrialOnboardingWizardGSAP.tsx(102,68): error TS7006: Parameter 'el' implicitly has an 'any' type.
src/components/trial/TrialOnboardingWizardGSAP.tsx(105,68): error TS7006: Parameter 'e' implicitly has an 'any' type.
src/components/trial/TrialOnboardingWizardGSAP.tsx(107,69): error TS7006: Parameter 'e' implicitly has an 'any' type.
src/components/trial/TrialOnboardingWizardGSAP.tsx(123,68): error TS7006: Parameter 'el' implicitly has an 'any' type.
src/components/trial/TrialOnboardingWizardGSAP.tsx(126,53): error TS7006: Parameter 'v' implicitly has an 'any' type.
src/components/trial/TrialOnboardingWizardGSAP.tsx(138,74): error TS7006: Parameter 'e' implicitly has an 'any' type.
src/components/trial/TrialOnboardingWizardGSAP.tsx(155,79): error TS7006: Parameter 'e' implicitly has an 'any' type.
src/components/trial/TrialOnboardingWizardGSAP.tsx(157,99): error TS7006: Parameter 'e' implicitly has an 'any' type.
src/components/trial/TrialOnboardingWizardGSAP.tsx(166,68): error TS7006: Parameter 'el' implicitly has an 'any' type.
src/components/trial/TrialOnboardingWizardGSAP.tsx(169,82): error TS7006: Parameter 'e' implicitly has an 'any' type.
src/components/trial/TrialOnboardingWizardGSAP.tsx(171,86): error TS7006: Parameter 'e' implicitly has an 'any' type.
src/components/trial/TrialOnboardingWizardGSAP.tsx(182,76): error TS7006: Parameter 'e' implicitly has an 'any' type.
src/components/trial/TrialOnboardingWizardGSAP.tsx(188,68): error TS7006: Parameter 'el' implicitly has an 'any' type.
src/components/trial/TrialOnboardingWizardGSAP.tsx(197,80): error TS7006: Parameter 'el' implicitly has an 'any' type.
src/components/trial/TrialOnboardingWizardPolished.tsx(2,22): error TS2307: Cannot find module '@/components/ui/card' or its corresponding type declarations.
src/components/trial/TrialOnboardingWizardPolished.tsx(3,24): error TS2307: Cannot find module '@/components/ui/button' or its corresponding type declarations.
src/components/trial/TrialOnboardingWizardPolished.tsx(4,23): error TS2307: Cannot find module '@/components/ui/input' or its corresponding type declarations.
src/components/trial/TrialOnboardingWizardPolished.tsx(5,23): error TS2307: Cannot find module '@/components/ui/label' or its corresponding type declarations.
src/components/trial/TrialOnboardingWizardPolished.tsx(6,26): error TS2307: Cannot find module '@/components/ui/textarea' or its corresponding type declarations.
src/components/trial/TrialOnboardingWizardPolished.tsx(7,79): error TS2307: Cannot find module '@/components/ui/select' or its corresponding type declarations.
src/components/trial/TrialOnboardingWizardPolished.tsx(8,41): error TS2307: Cannot find module '@/components/ui/alert' or its corresponding type declarations.
src/components/trial/TrialOnboardingWizardPolished.tsx(9,26): error TS2307: Cannot find module '@/components/ui/progress' or its corresponding type declarations.
src/components/trial/TrialOnboardingWizardPolished.tsx(10,25): error TS2307: Cannot find module '@/components/ui/spinner' or its corresponding type declarations.
src/components/trial/TrialOnboardingWizardPolished.tsx(61,68): error TS7006: Parameter 'e' implicitly has an 'any' type.
src/components/trial/TrialOnboardingWizardPolished.tsx(63,69): error TS7006: Parameter 'e' implicitly has an 'any' type.
src/components/trial/TrialOnboardingWizardPolished.tsx(82,70): error TS7006: Parameter 'e' implicitly has an 'any' type.
src/components/trial/TrialOnboardingWizardPolished.tsx(91,82): error TS7006: Parameter 'e' implicitly has an 'any' type.
src/components/trial/TrialOnboardingWizardPolished.tsx(93,86): error TS7006: Parameter 'e' implicitly has an 'any' type.
src/components/trial/TrialOnboardingWizardPolished.tsx(104,76): error TS7006: Parameter 'e' implicitly has an 'any' type.
src/components/ui/accordion.tsx(7,20): error TS2307: Cannot find module '@/lib/utils' or its corresponding type declarations.
src/components/ui/alert-dialog.tsx(6,20): error TS2307: Cannot find module '@/lib/utils' or its corresponding type declarations.
src/components/ui/alert-dialog.tsx(7,32): error TS2307: Cannot find module '@/components/ui/button' or its corresponding type declarations.
src/components/ui/alert.tsx(4,20): error TS2307: Cannot find module '@/lib/utils' or its corresponding type declarations.
src/components/ui/avatar.tsx(6,20): error TS2307: Cannot find module '@/lib/utils' or its corresponding type declarations.
src/components/ui/badge.tsx(5,20): error TS2307: Cannot find module '@/lib/utils' or its corresponding type declarations.
src/components/ui/breadcrumb.tsx(5,20): error TS2307: Cannot find module '@/lib/utils' or its corresponding type declarations.
src/components/ui/button-group.tsx(4,20): error TS2307: Cannot find module '@/lib/utils' or its corresponding type declarations.
src/components/ui/button-group.tsx(5,27): error TS2307: Cannot find module '@/components/ui/separator' or its corresponding type declarations.
src/components/ui/button.tsx(5,20): error TS2307: Cannot find module '@/lib/utils' or its corresponding type declarations.
src/components/ui/calendar.tsx(11,20): error TS2307: Cannot find module '@/lib/utils' or its corresponding type declarations.
src/components/ui/calendar.tsx(12,40): error TS2307: Cannot find module '@/components/ui/button' or its corresponding type declarations.
src/components/ui/card.tsx(3,20): error TS2307: Cannot find module '@/lib/utils' or its corresponding type declarations.
src/components/ui/carousel.tsx(9,20): error TS2307: Cannot find module '@/lib/utils' or its corresponding type declarations.
src/components/ui/carousel.tsx(10,24): error TS2307: Cannot find module '@/components/ui/button' or its corresponding type declarations.
src/components/ui/chart.tsx(10,8): error TS2307: Cannot find module 'recharts/types/component/DefaultTooltipContent' or its corresponding type declarations.
src/components/ui/chart.tsx(12,20): error TS2307: Cannot find module '@/lib/utils' or its corresponding type declarations.
src/components/ui/checkbox.tsx(7,20): error TS2307: Cannot find module '@/lib/utils' or its corresponding type declarations.
src/components/ui/command.tsx(7,20): error TS2307: Cannot find module '@/lib/utils' or its corresponding type declarations.
src/components/ui/command.tsx(14,8): error TS2307: Cannot find module '@/components/ui/dialog' or its corresponding type declarations.
src/components/ui/context-menu.tsx(7,20): error TS2307: Cannot find module '@/lib/utils' or its corresponding type declarations.
src/components/ui/dialog.tsx(7,20): error TS2307: Cannot find module '@/lib/utils' or its corresponding type declarations.
src/components/ui/drawer.tsx(6,20): error TS2307: Cannot find module '@/lib/utils' or its corresponding type declarations.
src/components/ui/dropdown-menu.tsx(7,20): error TS2307: Cannot find module '@/lib/utils' or its corresponding type declarations.
src/components/ui/empty.tsx(3,20): error TS2307: Cannot find module '@/lib/utils' or its corresponding type declarations.
src/components/ui/field.tsx(6,20): error TS2307: Cannot find module '@/lib/utils' or its corresponding type declarations.
src/components/ui/field.tsx(7,23): error TS2307: Cannot find module '@/components/ui/label' or its corresponding type declarations.
src/components/ui/field.tsx(8,27): error TS2307: Cannot find module '@/components/ui/separator' or its corresponding type declarations.
src/components/ui/form.tsx(16,20): error TS2307: Cannot find module '@/lib/utils' or its corresponding type declarations.
src/components/ui/form.tsx(17,23): error TS2307: Cannot find module '@/components/ui/label' or its corresponding type declarations.
src/components/ui/hover-card.tsx(6,20): error TS2307: Cannot find module '@/lib/utils' or its corresponding type declarations.
src/components/ui/input-group.tsx(6,20): error TS2307: Cannot find module '@/lib/utils' or its corresponding type declarations.
src/components/ui/input-group.tsx(7,24): error TS2307: Cannot find module '@/components/ui/button' or its corresponding type declarations.
src/components/ui/input-group.tsx(8,23): error TS2307: Cannot find module '@/components/ui/input' or its corresponding type declarations.
src/components/ui/input-group.tsx(9,26): error TS2307: Cannot find module '@/components/ui/textarea' or its corresponding type declarations.
src/components/ui/input-otp.tsx(7,20): error TS2307: Cannot find module '@/lib/utils' or its corresponding type declarations.
src/components/ui/input.tsx(3,20): error TS2307: Cannot find module '@/lib/utils' or its corresponding type declarations.
src/components/ui/item.tsx(5,20): error TS2307: Cannot find module '@/lib/utils' or its corresponding type declarations.
src/components/ui/item.tsx(6,27): error TS2307: Cannot find module '@/components/ui/separator' or its corresponding type declarations.
src/components/ui/kbd.tsx(1,20): error TS2307: Cannot find module '@/lib/utils' or its corresponding type declarations.
src/components/ui/label.tsx(6,20): error TS2307: Cannot find module '@/lib/utils' or its corresponding type declarations.
src/components/ui/menubar.tsx(7,20): error TS2307: Cannot find module '@/lib/utils' or its corresponding type declarations.
src/components/ui/navigation-menu.tsx(6,20): error TS2307: Cannot find module '@/lib/utils' or its corresponding type declarations.
src/components/ui/pagination.tsx(8,20): error TS2307: Cannot find module '@/lib/utils' or its corresponding type declarations.
src/components/ui/pagination.tsx(9,40): error TS2307: Cannot find module '@/components/ui/button' or its corresponding type declarations.
src/components/ui/pagination.tsx(75,7): error TS2783: 'size' is specified more than once, so this usage will be overwritten.
src/components/ui/pagination.tsx(92,7): error TS2783: 'size' is specified more than once, so this usage will be overwritten.
src/components/ui/popover.tsx(6,20): error TS2307: Cannot find module '@/lib/utils' or its corresponding type declarations.
src/components/ui/progress.tsx(6,20): error TS2307: Cannot find module '@/lib/utils' or its corresponding type declarations.
src/components/ui/radio-group.tsx(7,20): error TS2307: Cannot find module '@/lib/utils' or its corresponding type declarations.
src/components/ui/resizable.tsx(7,20): error TS2307: Cannot find module '@/lib/utils' or its corresponding type declarations.
src/components/ui/scroll-area.tsx(6,20): error TS2307: Cannot find module '@/lib/utils' or its corresponding type declarations.
src/components/ui/SecurityBadge.tsx(12,39): error TS2307: Cannot find module '@/lib/security/audit-trail-logger' or its corresponding type declarations.
src/components/ui/select.tsx(7,20): error TS2307: Cannot find module '@/lib/utils' or its corresponding type declarations.
src/components/ui/separator.tsx(6,20): error TS2307: Cannot find module '@/lib/utils' or its corresponding type declarations.
src/components/ui/sheet.tsx(7,20): error TS2307: Cannot find module '@/lib/utils' or its corresponding type declarations.
src/components/ui/sidebar.tsx(9,29): error TS2307: Cannot find module '@/hooks/use-mobile' or its corresponding type declarations.
src/components/ui/sidebar.tsx(10,20): error TS2307: Cannot find module '@/lib/utils' or its corresponding type declarations.
src/components/ui/sidebar.tsx(11,24): error TS2307: Cannot find module '@/components/ui/button' or its corresponding type declarations.
src/components/ui/sidebar.tsx(12,23): error TS2307: Cannot find module '@/components/ui/input' or its corresponding type declarations.
src/components/ui/sidebar.tsx(13,27): error TS2307: Cannot find module '@/components/ui/separator' or its corresponding type declarations.
src/components/ui/sidebar.tsx(20,8): error TS2307: Cannot find module '@/components/ui/sheet' or its corresponding type declarations.
src/components/ui/sidebar.tsx(21,26): error TS2307: Cannot find module '@/components/ui/skeleton' or its corresponding type declarations.
src/components/ui/sidebar.tsx(27,8): error TS2307: Cannot find module '@/components/ui/tooltip' or its corresponding type declarations.
src/components/ui/sidebar.tsx(271,17): error TS7006: Parameter 'event' implicitly has an 'any' type.
src/components/ui/skeleton.tsx(1,20): error TS2307: Cannot find module '@/lib/utils' or its corresponding type declarations.
src/components/ui/slider.tsx(6,20): error TS2307: Cannot find module '@/lib/utils' or its corresponding type declarations.
src/components/ui/spinner.tsx(3,20): error TS2307: Cannot find module '@/lib/utils' or its corresponding type declarations.
src/components/ui/switch.tsx(6,20): error TS2307: Cannot find module '@/lib/utils' or its corresponding type declarations.
src/components/ui/table.tsx(5,20): error TS2307: Cannot find module '@/lib/utils' or its corresponding type declarations.
src/components/ui/tabs.tsx(6,20): error TS2307: Cannot find module '@/lib/utils' or its corresponding type declarations.
src/components/ui/textarea.tsx(3,20): error TS2307: Cannot find module '@/lib/utils' or its corresponding type declarations.
src/components/ui/toggle-group.tsx(7,20): error TS2307: Cannot find module '@/lib/utils' or its corresponding type declarations.
src/components/ui/toggle-group.tsx(8,32): error TS2307: Cannot find module '@/components/ui/toggle' or its corresponding type declarations.
src/components/ui/toggle.tsx(7,20): error TS2307: Cannot find module '@/lib/utils' or its corresponding type declarations.
src/components/ui/tooltip.tsx(6,20): error TS2307: Cannot find module '@/lib/utils' or its corresponding type declarations.
src/lib/analytics/metrics.ts(109,48): error TS18048: 'options.name' is possibly 'undefined'.
src/lib/auth/admin-auth.ts(10,24): error TS2307: Cannot find module '@/lib/observability/logger' or its corresponding type declarations.
src/lib/auth/admin-middleware.ts(7,71): error TS2835: Relative import paths need explicit file extensions in ECMAScript imports when '--moduleResolution' is 'node16' or 'nodenext'. Did you mean './admin-auth.js'?
src/lib/auth/admin-middleware.ts(8,24): error TS2307: Cannot find module '@/lib/observability/logger' or its corresponding type declarations.
src/lib/citations.ts(5,41): error TS2307: Cannot find module '@/lib/supabase-client' or its corresponding type declarations.
src/lib/citations.ts(6,47): error TS2307: Cannot find module '@/types/multi-plan' or its corresponding type declarations.
src/lib/dynamic-cors.ts(1,35): error TS2835: Relative import paths need explicit file extensions in ECMAScript imports when '--moduleResolution' is 'node16' or 'nodenext'. Did you mean './tenant-config.js'?
src/lib/dynamic-cors.ts(27,41): error TS7006: Parameter 'o' implicitly has an 'any' type.
src/lib/escalation/human-escalation-service.ts(13,24): error TS2307: Cannot find module '@/lib/observability/logger' or its corresponding type declarations.
src/lib/escalation/human-escalation-service.ts(14,31): error TS2307: Cannot find module '@/lib/security/audit-logging' or its corresponding type declarations.
src/lib/langcache/redis-langcache.ts(2,24): error TS2307: Cannot find module '@/lib/observability/logger' or its corresponding type declarations.
src/lib/langcache/redis-langcache.ts(20,40): error TS2709: Cannot use namespace 'Redis' as a type.
src/lib/langcache/redis-langcache.ts(24,30): error TS7006: Parameter 'error' implicitly has an 'any' type.
src/lib/mcp/handlers.ts(13,38): error TS2835: Relative import paths need explicit file extensions in ECMAScript imports when '--moduleResolution' is 'node16' or 'nodenext'. Did you mean '../rag/supabase-retriever.js'?
src/lib/mcp/handlers.ts(17,8): error TS2835: Relative import paths need explicit file extensions in ECMAScript imports when '--moduleResolution' is 'node16' or 'nodenext'. Did you mean '../middleware/tenant-context.js'?
src/lib/mcp/handlers.ts(18,38): error TS2835: Relative import paths need explicit file extensions in ECMAScript imports when '--moduleResolution' is 'node16' or 'nodenext'. Did you mean '../security/pii-masking.js'?
src/lib/mcp/handlers.ts(19,27): error TS2835: Relative import paths need explicit file extensions in ECMAScript imports when '--moduleResolution' is 'node16' or 'nodenext'. Did you mean '../rag/llm-factory.js'?
src/lib/mcp/handlers.ts(21,48): error TS2835: Relative import paths need explicit file extensions in ECMAScript imports when '--moduleResolution' is 'node16' or 'nodenext'. Did you mean '../security/audit-logging.js'?
src/lib/mcp/handlers.ts(22,25): error TS2835: Relative import paths need explicit file extensions in ECMAScript imports when '--moduleResolution' is 'node16' or 'nodenext'. Did you mean '../trial/logger.js'?
src/lib/mcp/handlers.ts(33,8): error TS2835: Relative import paths need explicit file extensions in ECMAScript imports when '--moduleResolution' is 'node16' or 'nodenext'. Did you mean './types.js'?
src/lib/mcp/handlers.ts(50,42): error TS2835: Relative import paths need explicit file extensions in ECMAScript imports when '--moduleResolution' is 'node16' or 'nodenext'. Did you mean '../monitoring.js'?
src/lib/mcp/handlers.ts(60,25): error TS7006: Parameter 'd' implicitly has an 'any' type.
src/lib/mcp/handlers.ts(101,46): error TS2835: Relative import paths need explicit file extensions in ECMAScript imports when '--moduleResolution' is 'node16' or 'nodenext'. Did you mean '../ragPipeline.js'?
src/lib/mcp/handlers.ts(203,48): error TS7006: Parameter 'sum' implicitly has an 'any' type.
src/lib/mcp/handlers.ts(203,53): error TS7006: Parameter 'doc' implicitly has an 'any' type.
src/lib/mcp/registry.ts(8,48): error TS2835: Relative import paths need explicit file extensions in ECMAScript imports when '--moduleResolution' is 'node16' or 'nodenext'. Did you mean './types.js'?
src/lib/mcp/router.ts(9,36): error TS2835: Relative import paths need explicit file extensions in ECMAScript imports when '--moduleResolution' is 'node16' or 'nodenext'. Did you mean './validator.js'?
src/lib/mcp/router.ts(10,35): error TS2835: Relative import paths need explicit file extensions in ECMAScript imports when '--moduleResolution' is 'node16' or 'nodenext'. Did you mean './registry.js'?
src/lib/mcp/router.ts(11,39): error TS2835: Relative import paths need explicit file extensions in ECMAScript imports when '--moduleResolution' is 'node16' or 'nodenext'. Did you mean '../middleware/tenant-context.js'?
src/lib/mcp/router.ts(16,8): error TS2835: Relative import paths need explicit file extensions in ECMAScript imports when '--moduleResolution' is 'node16' or 'nodenext'. Did you mean '../security/rate-limiting.js'?
src/lib/mcp/router.ts(17,29): error TS2835: Relative import paths need explicit file extensions in ECMAScript imports when '--moduleResolution' is 'node16' or 'nodenext'. Did you mean '../security/audit-logging.js'?
src/lib/mcp/router.ts(18,67): error TS2835: Relative import paths need explicit file extensions in ECMAScript imports when '--moduleResolution' is 'node16' or 'nodenext'. Did you mean './types.js'?
src/lib/mcp/router.ts(25,12): error TS2315: Type 'NextResponse' is not generic.
src/lib/mcp/router.ts(68,34): error TS2315: Type 'NextResponse' is not generic.
src/lib/mcp/router.ts(81,37): error TS2315: Type 'NextResponse' is not generic.
src/lib/mcp/validator.ts(9,35): error TS2835: Relative import paths need explicit file extensions in ECMAScript imports when '--moduleResolution' is 'node16' or 'nodenext'. Did you mean './registry.js'?
src/lib/mcp/validator.ts(11,17): error TS2351: This expression is not constructable.
  Type 'typeof import("W:/BIT B RAG CAHTBOT/node_modules/ajv/dist/ajv")' has no construct signatures.
src/lib/mcp/validator.ts(52,47): error TS7006: Parameter 'error' implicitly has an 'any' type.
src/lib/middleware/tenant-context.ts(12,34): error TS2307: Cannot find module '@/lib/rag/supabase-retriever' or its corresponding type declarations.
src/lib/middleware/tenant-context.ts(45,49): error TS2307: Cannot find module '@/lib/security/rag-guardrails' or its corresponding type declarations.
src/lib/monitoring.ts(4,29): error TS2835: Relative import paths need explicit file extensions in ECMAScript imports when '--moduleResolution' is 'node16' or 'nodenext'. Did you mean './trial/logger.js'?
src/lib/monitoring/security-metrics.ts(2,44): error TS2835: Relative import paths need explicit file extensions in ECMAScript imports when '--moduleResolution' is 'node16' or 'nodenext'. Did you mean './metrics.js'?
src/lib/plan-detector.ts(7,63): error TS2307: Cannot find module '@/types/multi-plan' or its corresponding type declarations.
src/lib/queues/ingestQueue.ts(4,41): error TS2307: Cannot find module '@/lib/supabase-client' or its corresponding type declarations.
src/lib/queues/ingestQueue.ts(5,24): error TS2307: Cannot find module '@/lib/observability/logger' or its corresponding type declarations.
src/lib/queues/ingestQueue.ts(6,66): error TS2307: Cannot find module '@/lib/monitoring/metrics' or its corresponding type declarations.
src/lib/queues/ingestQueue.ts(7,38): error TS2307: Cannot find module '@/lib/observability/langfuse-client' or its corresponding type declarations.
src/lib/queues/ingestQueue.ts(48,29): error TS2351: This expression is not constructable.
  Type 'typeof import("W:/BIT B RAG CAHTBOT/node_modules/ioredis/built/index")' has no construct signatures.
src/lib/queues/ingestQueue.ts(54,30): error TS7006: Parameter 'error' implicitly has an 'any' type.
src/lib/queues/ingestQueue.ts(58,34): error TS7006: Parameter 'error' implicitly has an 'any' type.
src/lib/queues/shutdown-handler.ts(13,31): error TS2835: Relative import paths need explicit file extensions in ECMAScript imports when '--moduleResolution' is 'node16' or 'nodenext'. Did you mean './ingestQueue.js'?
src/lib/queues/shutdown-handler.ts(14,31): error TS2307: Cannot find module '@/lib/observability/langfuse-client' or its corresponding type declarations.
src/lib/queues/shutdown-handler.ts(15,24): error TS2307: Cannot find module '@/lib/observability/logger' or its corresponding type declarations.
src/lib/rag/batch-rag-engine.ts(5,34): error TS2307: Cannot find module '@/lib/security/rag-guardrails' or its corresponding type declarations.
src/lib/rag/batch-rag-engine.ts(6,41): error TS2835: Relative import paths need explicit file extensions in ECMAScript imports when '--moduleResolution' is 'node16' or 'nodenext'. Did you mean './supabase-retriever-v2.js'?
src/lib/rag/batch-rag-engine.ts(7,32): error TS2835: Relative import paths need explicit file extensions in ECMAScript imports when '--moduleResolution' is 'node16' or 'nodenext'. Did you mean './batch-retriever.js'?
src/lib/rag/batch-rag-engine.ts(8,39): error TS2835: Relative import paths need explicit file extensions in ECMAScript imports when '--moduleResolution' is 'node16' or 'nodenext'. Did you mean './llm-client-with-breaker.js'?
src/lib/rag/batch-rag-engine.ts(9,29): error TS2307: Cannot find module '@/lib/security/audit-logging' or its corresponding type declarations.
src/lib/rag/batch-rag-engine.ts(10,30): error TS2307: Cannot find module '@/lib/trial/quota-enforcer' or its corresponding type declarations.
src/lib/rag/batch-rag-engine.ts(11,24): error TS2307: Cannot find module '@/lib/observability/logger' or its corresponding type declarations.
src/lib/rag/batch-rag-engine.ts(92,46): error TS7006: Parameter 'result' implicitly has an 'any' type.
src/lib/rag/batch-rag-engine.ts(92,54): error TS7006: Parameter 'idx' implicitly has an 'any' type.
src/lib/rag/batch-rag-engine.ts(94,38): error TS7006: Parameter 'd' implicitly has an 'any' type.
src/lib/rag/batch-rag-engine.ts(95,38): error TS7006: Parameter 'd' implicitly has an 'any' type.
src/lib/rag/batch-rag-engine.ts(147,33): error TS7006: Parameter 'd' implicitly has an 'any' type.
src/lib/rag/batch-rag-engine.ts(170,28): error TS7006: Parameter 'd' implicitly has an 'any' type.
src/lib/rag/batch-retriever.ts(4,41): error TS2835: Relative import paths need explicit file extensions in ECMAScript imports when '--moduleResolution' is 'node16' or 'nodenext'. Did you mean './supabase-retriever-v2.js'?
src/lib/rag/batch-retriever.ts(5,24): error TS2307: Cannot find module '@/lib/observability/logger' or its corresponding type declarations.
src/lib/rag/bitb-rag.ts(4,27): error TS2835: Relative import paths need explicit file extensions in ECMAScript imports when '--moduleResolution' is 'node16' or 'nodenext'. Did you mean './llm-factory.js'?
src/lib/rag/bitb-rag.ts(5,37): error TS2835: Relative import paths need explicit file extensions in ECMAScript imports when '--moduleResolution' is 'node16' or 'nodenext'. Did you mean './llamaindex-llm-factory.js'?
src/lib/rag/embedding-generator.ts(23,8): error TS18046: 'data' is of type 'unknown'.
src/lib/rag/embedding-generator.ts(23,22): error TS18046: 'data' is of type 'unknown'.
src/lib/rag/embedding-generator.ts(23,39): error TS18046: 'data' is of type 'unknown'.
src/lib/rag/embedding-generator.ts(26,10): error TS18046: 'data' is of type 'unknown'.
src/lib/rag/llamaindex-supabase-store.ts(17,24): error TS2307: Cannot find module '@/lib/observability/logger' or its corresponding type declarations.
src/lib/rag/llm-client-with-breaker.ts(9,8): error TS2307: Cannot find module '@/lib/monitoring/metrics' or its corresponding type declarations.
src/lib/rag/llm-client-with-breaker.ts(10,40): error TS2307: Cannot find module '@/lib/monitoring/metrics' or its corresponding type declarations.
src/lib/rag/llm-client-with-breaker.ts(11,24): error TS2307: Cannot find module '@/lib/observability/logger' or its corresponding type declarations.
src/lib/rag/retrieval-pipeline.ts(29,51): error TS2835: Relative import paths need explicit file extensions in ECMAScript imports when '--moduleResolution' is 'node16' or 'nodenext'. Did you mean './hybrid-search.js'?
src/lib/rag/retrieval-pipeline.ts(67,22): error TS7006: Parameter 'query' implicitly has an 'any' type.
src/lib/rag/retrieval-pipeline.ts(67,29): error TS7006: Parameter 'topK' implicitly has an 'any' type.
src/lib/rag/retrieval-pipeline.ts(68,23): error TS7006: Parameter 'query' implicitly has an 'any' type.
src/lib/rag/retrieval-pipeline.ts(68,30): error TS7006: Parameter 'topK' implicitly has an 'any' type.
src/lib/rag/supabase-keyword-index.ts(3,35): error TS2835: Relative import paths need explicit file extensions in ECMAScript imports when '--moduleResolution' is 'node16' or 'nodenext'. Did you mean './retrieval-pipeline.js'?
src/lib/rag/supabase-keyword-index.ts(26,55): error TS2769: No overload matches this call.
  Overload 1 of 2, '(values: { tenant_id: string; content: any; metadata: any; }[], options?: { onConflict?: string | undefined; ignoreDuplicates?: boolean | undefined; count?: "exact" | "planned" | "estimated" | undefined; } | undefined): PostgrestFilterBuilder<...>', gave the following error.
    Type 'string[]' is not assignable to type 'string'.
  Overload 2 of 2, '(values: { tenant_id: string; content: any; metadata: any; }[], options?: { onConflict?: string | undefined; ignoreDuplicates?: boolean | undefined; count?: "exact" | "planned" | "estimated" | undefined; defaultToNull?: boolean | undefined; } | undefined): PostgrestFilterBuilder<...>', gave the following error.
    Type 'string[]' is not assignable to type 'string'.
src/lib/rag/supabase-retriever-v2.ts(7,56): error TS2835: Relative import paths need explicit file extensions in ECMAScript imports when '--moduleResolution' is 'node16' or 'nodenext'. Did you mean './supabase-retriever.js'?
src/lib/rag/supabase-retriever-v2.ts(8,40): error TS2835: Relative import paths need explicit file extensions in ECMAScript imports when '--moduleResolution' is 'node16' or 'nodenext'. Did you mean './llamaindex-supabase-store.js'?
src/lib/rag/supabase-retriever-v2.ts(9,38): error TS2835: Relative import paths need explicit file extensions in ECMAScript imports when '--moduleResolution' is 'node16' or 'nodenext'. Did you mean './tenant-isolation.js'?
src/lib/rag/supabase-retriever-v2.ts(10,24): error TS2307: Cannot find module '@/lib/observability/logger' or its corresponding type declarations.
src/lib/rag/supabase-retriever-v2.ts(33,11): error TS2709: Cannot use namespace 'Redis' as a type.
src/lib/rag/supabase-retriever-v2.ts(44,18): error TS2709: Cannot use namespace 'Redis' as a type.
src/lib/rag/supabase-retriever-v2.ts(53,126): error TS2709: Cannot use namespace 'Redis' as a type.
src/lib/rag/supabase-retriever-v2.ts(80,15): error TS2351: This expression is not constructable.
  Type 'typeof import("W:/BIT B RAG CAHTBOT/node_modules/ioredis/built/index")' has no construct signatures.
src/lib/rag/supabase-retriever-v2.ts(147,35): error TS7006: Parameter 'doc' implicitly has an 'any' type.
src/lib/rag/supabase-retriever-v2.ts(202,8): error TS7006: Parameter 'node' implicitly has an 'any' type.
src/lib/rag/supabase-retriever-v2.ts(212,35): error TS7006: Parameter 'doc' implicitly has an 'any' type.
src/lib/rag/supabase-retriever-v2.ts(263,35): error TS7006: Parameter 'doc' implicitly has an 'any' type.
src/lib/rag/supabase-retriever.ts(18,38): error TS2835: Relative import paths need explicit file extensions in ECMAScript imports when '--moduleResolution' is 'node16' or 'nodenext'. Did you mean './tenant-isolation.js'?
src/lib/rag/supabase-retriever.ts(19,69): error TS2835: Relative import paths need explicit file extensions in ECMAScript imports when '--moduleResolution' is 'node16' or 'nodenext'. Did you mean './llamaindex-embeddings.js'?
src/lib/rag/supabase-retriever.ts(20,24): error TS2307: Cannot find module '@/lib/observability/logger' or its corresponding type declarations.
src/lib/rag/supabase-vector-store.ts(3,34): error TS2835: Relative import paths need explicit file extensions in ECMAScript imports when '--moduleResolution' is 'node16' or 'nodenext'. Did you mean './retrieval-pipeline.js'?
src/lib/rag/supabase-vector-store.ts(29,55): error TS2769: No overload matches this call.
  Overload 1 of 2, '(values: { tenant_id: string; content: any; metadata: any; embedding: any; }[], options?: { onConflict?: string | undefined; ignoreDuplicates?: boolean | undefined; count?: "exact" | "planned" | "estimated" | undefined; } | undefined): PostgrestFilterBuilder<...>', gave the following error.
    Type 'string[]' is not assignable to type 'string'.
  Overload 2 of 2, '(values: { tenant_id: string; content: any; metadata: any; embedding: any; }[], options?: { onConflict?: string | undefined; ignoreDuplicates?: boolean | undefined; count?: "exact" | "planned" | "estimated" | undefined; defaultToNull?: boolean | undefined; } | undefined): PostgrestFilterBuilder<...>', gave the following error.
    Type 'string[]' is not assignable to type 'string'.
src/lib/rag/tenant-isolation.ts(10,8): error TS2835: Relative import paths need explicit file extensions in ECMAScript imports when '--moduleResolution' is 'node16' or 'nodenext'. Did you mean './llamaindex-adapters.js'?
src/lib/rag/tenant-isolation.ts(11,24): error TS2307: Cannot find module '@/lib/observability/logger' or its corresponding type declarations.
src/lib/ragPipeline.test.ts(2,38): error TS2835: Relative import paths need explicit file extensions in ECMAScript imports when '--moduleResolution' is 'node16' or 'nodenext'. Did you mean './previewPlaybook.js'?
src/lib/ragPipeline.test.ts(3,40): error TS2307: Cannot find module '@/lib/ragPipeline' or its corresponding type declarations.
src/lib/ragPipeline.test.ts(24,22): error TS7006: Parameter 'resp' implicitly has an 'any' type.
src/lib/ragPipeline.test.ts(24,28): error TS7006: Parameter 'idx' implicitly has an 'any' type.
src/lib/ragPipeline.ts(3,77): error TS2835: Relative import paths need explicit file extensions in ECMAScript imports when '--moduleResolution' is 'node16' or 'nodenext'. Did you mean './responseLimiter.js'?
src/lib/ragPipeline.ts(4,43): error TS2307: Cannot find module '@/types/trial' or its corresponding type declarations.
src/lib/ragPipeline.ts(5,25): error TS2307: Cannot find module '@/lib/trial/logger' or its corresponding type declarations.
src/lib/ragPipeline.ts(6,34): error TS2307: Cannot find module '@/lib/security/rag-guardrails' or its corresponding type declarations.
src/lib/ragPipeline.ts(7,41): error TS2307: Cannot find module '@/lib/rag/supabase-retriever-v2' or its corresponding type declarations.
src/lib/ragPipeline.ts(8,31): error TS2307: Cannot find module '@/lib/rag/llm-client-with-breaker' or its corresponding type declarations.
src/lib/ragPipeline.ts(9,32): error TS2307: Cannot find module '@/lib/langcache/redis-langcache' or its corresponding type declarations.
src/lib/ragPipeline.ts(10,24): error TS2307: Cannot find module '@/lib/observability/logger' or its corresponding type declarations.
src/lib/ragPipeline.ts(11,37): error TS2307: Cannot find module '@/lib/observability/langfuse-client' or its corresponding type declarations.
src/lib/ragPipeline.ts(12,39): error TS2307: Cannot find module '@/lib/monitoring/metrics' or its corresponding type declarations.
src/lib/ragPipeline.ts(54,26): error TS2351: This expression is not constructable.
  Type 'typeof import("W:/BIT B RAG CAHTBOT/node_modules/ioredis/built/index")' has no construct signatures.
src/lib/ragPipeline.ts(211,38): error TS7006: Parameter 'doc' implicitly has an 'any' type.
src/lib/ragPipeline.ts(211,43): error TS7006: Parameter 'index' implicitly has an 'any' type.
src/lib/ragPipeline.ts(218,30): error TS7006: Parameter 'doc' implicitly has an 'any' type.
src/lib/ragPipeline.ts(218,35): error TS7006: Parameter 'index' implicitly has an 'any' type.
src/lib/redis-client.ts(63,15): error TS2351: This expression is not constructable.
  Type 'typeof import("W:/BIT B RAG CAHTBOT/node_modules/ioredis/built/index")' has no construct signatures.
src/lib/security/audit-report-generator.ts(7,24): error TS2307: Cannot find module '@/lib/observability/logger' or its corresponding type declarations.
src/lib/security/audit-trail-logger.ts(7,24): error TS2307: Cannot find module '@/lib/observability/logger' or its corresponding type declarations.
src/lib/security/compliance-checks.ts(7,24): error TS2307: Cannot find module '@/lib/observability/logger' or its corresponding type declarations.
src/lib/security/compliance-checks.ts(8,38): error TS2307: Cannot find module '@/lib/security/tenant-access-validator' or its corresponding type declarations.
src/lib/security/jti-revocation.ts(1,23): error TS2307: Cannot find module '@/lib/redis-client' or its corresponding type declarations.
src/lib/security/rate-limiting.ts(13,29): error TS2835: Relative import paths need explicit file extensions in ECMAScript imports when '--moduleResolution' is 'node16' or 'nodenext'. Did you mean './audit-logging.js'?
src/lib/security/rate-limiting.ts(14,37): error TS2835: Relative import paths need explicit file extensions in ECMAScript imports when '--moduleResolution' is 'node16' or 'nodenext'. Did you mean './redis-rate-limiter.js'?
src/lib/security/redis-rate-limiter.ts(16,33): error TS2835: Relative import paths need explicit file extensions in ECMAScript imports when '--moduleResolution' is 'node16' or 'nodenext'. Did you mean './rate-limiting.js'?
src/lib/security/redis-rate-limiter.ts(79,18): error TS2709: Cannot use namespace 'Redis' as a type.
src/lib/security/redis-rate-limiter.ts(106,24): error TS2351: This expression is not constructable.
  Type 'typeof import("W:/BIT B RAG CAHTBOT/node_modules/ioredis/built/index")' has no construct signatures.
src/lib/security/tenant-access-validator.ts(13,24): error TS2307: Cannot find module '@/lib/observability/logger' or its corresponding type declarations.
src/lib/security/tenant-access-validator.ts(14,45): error TS2307: Cannot find module '@/lib/security/audit-logging' or its corresponding type declarations.
src/lib/tenant-config.ts(1,23): error TS2307: Cannot find module '@/lib/redis-client' or its corresponding type declarations.
src/lib/tenant-config.ts(4,20): error TS2304: Cannot find name 'tenantId'.
src/lib/tenant-config.ts(4,50): error TS2304: Cannot find name 'tenantId'.
src/lib/tenant-config.ts(15,9): error TS1108: A 'return' statement can only be used within a function body.
src/lib/tenant-config.ts(25,7): error TS1108: A 'return' statement can only be used within a function body.
src/lib/tenant-config.ts(62,34): error TS2339: Property 'allowed_origins' does not exist on type 'never'.
src/lib/tenant-config.ts(63,32): error TS2339: Property 'allowed_origins' does not exist on type 'never'.
src/lib/tenant-config.ts(64,26): error TS2339: Property 'allowed_origins' does not exist on type 'never'.
src/lib/tenant-config.ts(65,32): error TS2339: Property 'allowed_origins' does not exist on type 'never'.
src/lib/tenant-config.ts(66,26): error TS2339: Property 'allowed_origins' does not exist on type 'never'.
src/lib/tenant-config.ts(66,57): error TS7006: Parameter 's' implicitly has an 'any' type.
src/lib/tenant-config.ts(102,12): error TS18048: 'global' is possibly 'undefined'.
src/lib/trial/audit-logger.ts(1,40): error TS2307: Cannot find module '@/types/trial' or its corresponding type declarations.
src/lib/trial/audit-logger.ts(2,41): error TS2307: Cannot find module '@/lib/supabase-client' or its corresponding type declarations.
src/lib/trial/auth.ts(7,57): error TS2835: Relative import paths need explicit file extensions in ECMAScript imports when '--moduleResolution' is 'node16' or 'nodenext'. Did you mean './errors.js'?
src/lib/trial/embeddings.ts(1,53): error TS2835: Relative import paths need explicit file extensions in ECMAScript imports when '--moduleResolution' is 'node16' or 'nodenext'. Did you mean './errors.js'?
src/lib/trial/quota-enforcer.ts(1,39): error TS2307: Cannot find module '@/types/trial' or its corresponding type declarations.
src/lib/trial/quota-enforcer.ts(2,41): error TS2307: Cannot find module '@/lib/supabase-client' or its corresponding type declarations.
src/lib/trial/rag-pipeline.ts(1,78): error TS2307: Cannot find module '@/types/trial' or its corresponding type declarations.
src/lib/trial/rag-pipeline.ts(2,53): error TS2835: Relative import paths need explicit file extensions in ECMAScript imports when '--moduleResolution' is 'node16' or 'nodenext'. Did you mean './errors.js'?
src/lib/trial/rag-pipeline.ts(3,25): error TS2835: Relative import paths need explicit file extensions in ECMAScript imports when '--moduleResolution' is 'node16' or 'nodenext'. Did you mean './logger.js'?
src/lib/trial/rag-pipeline.ts(4,67): error TS2307: Cannot find module '@/lib/security/rag-guardrails' or its corresponding type declarations.
src/lib/trial/rag-pipeline.ts(5,41): error TS2307: Cannot find module '@/lib/supabase-client' or its corresponding type declarations.
src/lib/trial/rag-pipeline.ts(6,36): error TS2835: Relative import paths need explicit file extensions in ECMAScript imports when '--moduleResolution' is 'node16' or 'nodenext'. Did you mean './embeddings.js'?
src/lib/trial/tool-assignment.ts(1,54): error TS2307: Cannot find module '@/types/trial' or its corresponding type declarations.
src/lib/trial/usage-tracker.ts(1,40): error TS2307: Cannot find module '@/types/trial' or its corresponding type declarations.
src/lib/trial/usage-tracker.ts(2,41): error TS2307: Cannot find module '@/lib/supabase-client' or its corresponding type declarations.
src/lib/trial/usage-tracker.ts(285,8): error TS7006: Parameter 'acc' implicitly has an 'any' type.
src/lib/trial/usage-tracker.ts(285,13): error TS7006: Parameter 'metric' implicitly has an 'any' type.
src/lib/trial/validation.ts(5,33): error TS2835: Relative import paths need explicit file extensions in ECMAScript imports when '--moduleResolution' is 'node16' or 'nodenext'. Did you mean './errors.js'?
src/lib/trial/workflow-engine.ts(27,8): error TS2307: Cannot find module '@/types/workflow' or its corresponding type declarations.
src/lib/trial/workflow-engine.ts(28,25): error TS2835: Relative import paths need explicit file extensions in ECMAScript imports when '--moduleResolution' is 'node16' or 'nodenext'. Did you mean './logger.js'?
src/lib/trial/workflow-engine.ts(29,48): error TS2835: Relative import paths need explicit file extensions in ECMAScript imports when '--moduleResolution' is 'node16' or 'nodenext'. Did you mean './errors.js'?
src/lib/trial/workflow-engine.ts(613,10): error TS7006: Parameter 's' implicitly has an 'any' type.
src/lib/trial/workflow-engine.ts(618,10): error TS7006: Parameter 's' implicitly has an 'any' type.
src/lib/trial/workflow-interrupts.ts(12,8): error TS2307: Cannot find module '@/types/workflow' or its corresponding type declarations.
src/lib/trial/workflow-interrupts.ts(13,25): error TS2835: Relative import paths need explicit file extensions in ECMAScript imports when '--moduleResolution' is 'node16' or 'nodenext'. Did you mean './logger.js'?
src/lib/trial/workflow-langchain.ts(6,53): error TS2307: Cannot find module '@/types/workflow' or its corresponding type declarations.
src/lib/trial/workflow-langchain.ts(7,25): error TS2835: Relative import paths need explicit file extensions in ECMAScript imports when '--moduleResolution' is 'node16' or 'nodenext'. Did you mean './logger.js'?
src/lib/trial/workflow-langchain.ts(10,24): error TS2307: Cannot find module '@/lib/observability/logger' or its corresponding type declarations.
src/lib/trial/workflow-langchain.ts(11,37): error TS2307: Cannot find module '@/lib/rag/llamaindex-llm-factory' or its corresponding type declarations.
src/middleware/auth.ts(146,11): error TS2339: Property 'user' does not exist on type 'AuthResult | Response'.
src/middleware/auth.ts(146,17): error TS2339: Property 'session' does not exist on type 'AuthResult | Response'.
src/middleware/rate-limit.ts(26,25): error TS2344: Type 'typeof import("W:/BIT B RAG CAHTBOT/node_modules/ioredis/built/index")' does not satisfy the constraint 'abstract new (...args: any) => any'.
  Type 'typeof import("W:/BIT B RAG CAHTBOT/node_modules/ioredis/built/index")' provides no match for the signature 'new (...args: any): any'.
src/middleware/rate-limit.ts(28,41): error TS2344: Type 'typeof import("W:/BIT B RAG CAHTBOT/node_modules/ioredis/built/index")' does not satisfy the constraint 'abstract new (...args: any) => any'.
  Type 'typeof import("W:/BIT B RAG CAHTBOT/node_modules/ioredis/built/index")' provides no match for the signature 'new (...args: any): any'.
src/middleware/rate-limit.ts(36,17): error TS2351: This expression is not constructable.
  Type 'typeof import("W:/BIT B RAG CAHTBOT/node_modules/ioredis/built/index")' has no construct signatures.
src/middleware/rate-limit.ts(46,24): error TS7006: Parameter 'err' implicitly has an 'any' type.
src/middleware/rate-limit.ts(98,23): error TS2344: Type 'typeof import("W:/BIT B RAG CAHTBOT/node_modules/ioredis/built/index")' does not satisfy the constraint 'abstract new (...args: any) => any'.
  Type 'typeof import("W:/BIT B RAG CAHTBOT/node_modules/ioredis/built/index")' provides no match for the signature 'new (...args: any): any'.
src/middleware/rate-limit.ts(155,23): error TS2344: Type 'typeof import("W:/BIT B RAG CAHTBOT/node_modules/ioredis/built/index")' does not satisfy the constraint 'abstract new (...args: any) => any'.
  Type 'typeof import("W:/BIT B RAG CAHTBOT/node_modules/ioredis/built/index")' provides no match for the signature 'new (...args: any): any'.
src/middleware/rate-limit.ts(206,23): error TS2344: Type 'typeof import("W:/BIT B RAG CAHTBOT/node_modules/ioredis/built/index")' does not satisfy the constraint 'abstract new (...args: any) => any'.
  Type 'typeof import("W:/BIT B RAG CAHTBOT/node_modules/ioredis/built/index")' provides no match for the signature 'new (...args: any): any'.
src/server/websocket-server.ts(10,27): error TS2307: Cannot find module '@/lib/jwt' or its corresponding type declarations.
src/server/websocket-server.ts(11,33): error TS2307: Cannot find module '@/lib/plan-detector' or its corresponding type declarations.
tests/admin-auth.test.ts(15,8): error TS2307: Cannot find module '@/lib/auth/admin-auth' or its corresponding type declarations.
tests/batch-retriever.test.ts(3,46): error TS2307: Cannot find module '@/lib/rag/supabase-retriever-v2' or its corresponding type declarations.
tests/batch-retriever.test.ts(4,32): error TS2307: Cannot find module '@/lib/rag/batch-retriever' or its corresponding type declarations.
tests/batch-retriever.test.ts(38,38): error TS7006: Parameter 'doc' implicitly has an 'any' type.
tests/batch-retriever.test.ts(39,38): error TS7006: Parameter 'doc' implicitly has an 'any' type.
tests/booking.test.ts(3,52): error TS2835: Relative import paths need explicit file extensions in ECMAScript imports when '--moduleResolution' is 'node16' or 'nodenext'. Did you mean '../src/lib/booking/calendar.js'?
tests/booking.test.ts(30,40): error TS7006: Parameter 's' implicitly has an 'any' type.
tests/checkout.test.ts(3,45): error TS2835: Relative import paths need explicit file extensions in ECMAScript imports when '--moduleResolution' is 'node16' or 'nodenext'. Did you mean '../src/lib/ecommerce/checkout.js'?
tests/citations.test.ts(15,58): error TS2835: Relative import paths need explicit file extensions in ECMAScript imports when '--moduleResolution' is 'node16' or 'nodenext'. Did you mean '../src/lib/citations.js'?
tests/citations.test.ts(16,33): error TS2307: Cannot find module '@/lib/supabase-client' or its corresponding type declarations.
tests/ecommerce.test.ts(3,48): error TS2835: Relative import paths need explicit file extensions in ECMAScript imports when '--moduleResolution' is 'node16' or 'nodenext'. Did you mean '../src/lib/ecommerce/products.js'?
tests/escalation-summary-card.test.tsx(7,39): error TS2307: Cannot find module '@/components/chatbot/EscalationSummaryCard' or its corresponding type declarations.
tests/escalation-summary-card.test.tsx(81,28): error TS2339: Property 'setup' does not exist on type 'typeof import("W:/BIT B RAG CAHTBOT/node_modules/@testing-library/user-event/dist/types/index")'.
tests/escalation-summary-card.test.tsx(97,28): error TS2339: Property 'setup' does not exist on type 'typeof import("W:/BIT B RAG CAHTBOT/node_modules/@testing-library/user-event/dist/types/index")'.
tests/escalation-workflow.e2e.test.ts(2,40): error TS2307: Cannot find module '@/lib/escalation/human-escalation-service' or its corresponding type declarations.
tests/guardrails.test.ts(13,8): error TS2307: Cannot find module '@/lib/security/pii-masking' or its corresponding type declarations.
tests/guardrails.test.ts(18,8): error TS2307: Cannot find module '@/lib/security/rate-limiting' or its corresponding type declarations.
tests/guardrails.test.ts(19,35): error TS2307: Cannot find module '@/lib/security/audit-logging' or its corresponding type declarations.
tests/healthcare-compliance.test.ts(2,52): error TS2835: Relative import paths need explicit file extensions in ECMAScript imports when '--moduleResolution' is 'node16' or 'nodenext'. Did you mean '../src/lib/healthcare/compliance.js'?
tests/ingest-queue.test.ts(7,42): error TS2307: Cannot find module '@/lib/queues/ingestQueue' or its corresponding type declarations.
tests/integration/queue-system.integration.test.ts(21,23): error TS2307: Cannot find module '@/lib/redis-client' or its corresponding type declarations.
tests/integration/rag-pipeline.integration.test.ts(2,34): error TS2307: Cannot find module '@/lib/supabase-client' or its corresponding type declarations.
tests/integration/rag-pipeline.integration.test.ts(3,35): error TS2307: Cannot find module '@/lib/ragPipeline' or its corresponding type declarations.
tests/integration/security.integration.test.ts(2,32): error TS2307: Cannot find module '@/lib/security/rate-limiting' or its corresponding type declarations.
tests/integration/security.integration.test.ts(3,53): error TS2307: Cannot find module '@/lib/security/rate-limiting' or its corresponding type declarations.
tests/integration/tenant-isolation.integration.test.ts(14,69): error TS2307: Cannot find module '@/lib/rag/tenant-isolation' or its corresponding type declarations.
tests/integration/tenant-isolation.integration.test.ts(20,8): error TS2307: Cannot find module '@/lib/security/tenant-access-validator' or its corresponding type declarations.
tests/integration/tenant-isolation.integration.test.ts(21,60): error TS2307: Cannot find module '@/lib/rag/supabase-retriever' or its corresponding type declarations.
tests/integration/trial-workflow.integration.test.ts(2,52): error TS2307: Cannot find module '@/lib/trial/workflow-engine' or its corresponding type declarations.
tests/langfuse-tracing.test.ts(7,56): error TS2307: Cannot find module '@/lib/observability/langfuse-client' or its corresponding type declarations.
tests/llamaindex-adapters.test.ts(10,8): error TS2307: Cannot find module '@/lib/rag/llamaindex-adapters' or its corresponding type declarations.
tests/llamaindex-embeddings.test.ts(3,44): error TS2307: Cannot find module '@/lib/rag/llamaindex-embeddings' or its corresponding type declarations.
tests/llamaindex-llm-parity.test.ts(320,13): error TS18047: 'llm' is possibly 'null'.
tests/llamaindex-llm-parity.test.ts(327,13): error TS18047: 'llm' is possibly 'null'.
tests/llamaindex-llm-parity.test.ts(327,17): error TS2339: Property 'chat' does not exist on type 'LLMAdapter'.
tests/llamaindex-security.test.ts(2,47): error TS2307: Cannot find module '@/lib/rag/tenant-isolation' or its corresponding type declarations.
tests/llamaindex-semantic-chunking.test.ts(2,44): error TS2835: Relative import paths need explicit file extensions in ECMAScript imports when '--moduleResolution' is 'node16' or 'nodenext'. Did you mean '../src/lib/rag/llamaindex-semantic-chunking.js'?
tests/llamaindex-token-chunking.test.ts(2,31): error TS2835: Relative import paths need explicit file extensions in ECMAScript imports when '--moduleResolution' is 'node16' or 'nodenext'. Did you mean '../src/lib/rag/llamaindex-token-chunking.js'?
tests/llm-factory.test.ts(2,27): error TS2307: Cannot find module '@/lib/rag/llm-factory' or its corresponding type declarations.
tests/metrics.test.ts(3,42): error TS2835: Relative import paths need explicit file extensions in ECMAScript imports when '--moduleResolution' is 'node16' or 'nodenext'. Did you mean '../src/lib/analytics/metrics.js'?
tests/rag-security.test.ts(10,34): error TS2835: Relative import paths need explicit file extensions in ECMAScript imports when '--moduleResolution' is 'node16' or 'nodenext'. Did you mean '../src/lib/rag/supabase-retriever.js'?
tests/rag-security.test.ts(11,39): error TS2835: Relative import paths need explicit file extensions in ECMAScript imports when '--moduleResolution' is 'node16' or 'nodenext'. Did you mean '../src/lib/middleware/tenant-context.js'?
tests/realestate.test.ts(2,67): error TS2307: Cannot find module '@/lib/realestate/utils' or its corresponding type declarations.
tests/recommendations.test.ts(3,36): error TS2835: Relative import paths need explicit file extensions in ECMAScript imports when '--moduleResolution' is 'node16' or 'nodenext'. Did you mean '../src/lib/recommendations/engine.js'?
tests/redis-rate-limiter.test.ts(13,34): error TS2307: Cannot find module '@/lib/security/redis-rate-limiter' or its corresponding type declarations.
tests/redis-rate-limiter.test.ts(14,33): error TS2307: Cannot find module '@/lib/security/rate-limiting' or its corresponding type declarations.
tests/redis-rate-limiter.test.ts(324,38): error TS7006: Parameter 'r' implicitly has an 'any' type.
tests/redis-rate-limiter.test.ts(325,37): error TS7006: Parameter 'r' implicitly has an 'any' type.
tests/redis-rate-limiter.test.ts(372,78): error TS2307: Cannot find module '@/lib/security/redis-rate-limiter' or its corresponding type declarations.
tests/retrieval-pipeline.test.ts(2,35): error TS2835: Relative import paths need explicit file extensions in ECMAScript imports when '--moduleResolution' is 'node16' or 'nodenext'. Did you mean '../src/lib/rag/retrieval-pipeline.js'?
tests/scoring.test.ts(3,46): error TS2835: Relative import paths need explicit file extensions in ECMAScript imports when '--moduleResolution' is 'node16' or 'nodenext'. Did you mean '../src/lib/analytics/scoring.js'?
tests/telemetry.greeting.test.ts(2,55): error TS2835: Relative import paths need explicit file extensions in ECMAScript imports when '--moduleResolution' is 'node16' or 'nodenext'. Did you mean '../src/lib/telemetry/greetingTelemetry.js'?
tests/tenant-isolation-guard.test.ts(3,69): error TS2307: Cannot find module '@/lib/rag/tenant-isolation' or its corresponding type declarations.
tests/trial/hybrid-search.test.ts(27,30): error TS2307: Cannot find module '@/lib/trial/rag-pipeline' or its corresponding type declarations.
tests/trial/rag-pipeline.test.ts(2,27): error TS2307: Cannot find module '@/lib/trial/rag-pipeline' or its corresponding type declarations.
tests/trial/rag-pipeline.test.ts(12,22): error TS7006: Parameter 'chunk' implicitly has an 'any' type.
tests/trial/rag-pipeline.test.ts(44,22): error TS7006: Parameter 'chunk' implicitly has an 'any' type.
tests/trial/rag-pipeline.test.ts(66,22): error TS7006: Parameter 'chunk' implicitly has an 'any' type.
tests/trial/rag-pipeline.test.ts(80,22): error TS7006: Parameter 'chunk' implicitly has an 'any' type.
tests/trial/tool-assignment.test.ts(13,42): error TS2307: Cannot find module '@/lib/trial/workflow-langchain' or its corresponding type declarations.
tests/trial/workflow-langchain.test.ts(7,42): error TS2307: Cannot find module '@/lib/trial/workflow-langchain' or its corresponding type declarations.
tests/trial/workflow-langchain.test.ts(8,42): error TS2307: Cannot find module '@/types/workflow' or its corresponding type declarations.
tests/trial/workflow-langchain.test.ts(186,41): error TS7006: Parameter 'i' implicitly has an 'any' type.
tests/trial/workflow-langchain.test.ts(315,33): error TS7006: Parameter 'i' implicitly has an 'any' type.
tests/trial/workflow-langchain.test.ts(325,33): error TS7006: Parameter 'i' implicitly has an 'any' type.
tests/trial/workflow.test.ts(7,37): error TS2307: Cannot find module '@/lib/trial/workflow-engine' or its corresponding type declarations.
tests/trial/workflow.test.ts(8,42): error TS2307: Cannot find module '@/lib/trial/workflow-interrupts' or its corresponding type declarations.
tests/trial/workflow.test.ts(9,42): error TS2307: Cannot find module '@/lib/trial/workflow-langchain' or its corresponding type declarations.
tests/trial/workflow.test.ts(15,8): error TS2307: Cannot find module '@/types/workflow' or its corresponding type declarations.
